###############################################################################
#
# IAR ELF Linker V7.50.3.10732/W32 for ARM                28/Oct/2016  04:42:49
# Copyright 2007-2016 IAR Systems AB.
#
#    Output file  =  C:\embedded\F7 projects\LCD_SDRAM\Debug\Exe\c.out
#    Map file     =  C:\embedded\F7 projects\LCD_SDRAM\Debug\List\c.map
#    Command line =  
#        "C:\embedded\F7 projects\LCD_SDRAM\Debug\Obj\dma2d.o" "C:\embedded\F7
#        projects\LCD_SDRAM\Debug\Obj\fmc.o" "C:\embedded\F7
#        projects\LCD_SDRAM\Debug\Obj\gpio.o" "C:\embedded\F7
#        projects\LCD_SDRAM\Debug\Obj\LCD.o" "C:\embedded\F7
#        projects\LCD_SDRAM\Debug\Obj\ltdc.o" "C:\embedded\F7
#        projects\LCD_SDRAM\Debug\Obj\main.o" "C:\embedded\F7
#        projects\LCD_SDRAM\Debug\Obj\rcc.o" "C:\embedded\F7
#        projects\LCD_SDRAM\Debug\Obj\sdram.o" "C:\embedded\F7
#        projects\LCD_SDRAM\Debug\Obj\startup_stm32f746xx.o" "C:\embedded\F7
#        projects\LCD_SDRAM\Debug\Obj\stm32f7xx_hal.o" "C:\embedded\F7
#        projects\LCD_SDRAM\Debug\Obj\stm32f7xx_hal_cortex.o" "C:\embedded\F7
#        projects\LCD_SDRAM\Debug\Obj\stm32f7xx_hal_dma.o" "C:\embedded\F7
#        projects\LCD_SDRAM\Debug\Obj\stm32f7xx_hal_dma2d.o" "C:\embedded\F7
#        projects\LCD_SDRAM\Debug\Obj\stm32f7xx_hal_dma_ex.o" "C:\embedded\F7
#        projects\LCD_SDRAM\Debug\Obj\stm32f7xx_hal_flash.o" "C:\embedded\F7
#        projects\LCD_SDRAM\Debug\Obj\stm32f7xx_hal_flash_ex.o" "C:\embedded\F7
#        projects\LCD_SDRAM\Debug\Obj\stm32f7xx_hal_gpio.o" "C:\embedded\F7
#        projects\LCD_SDRAM\Debug\Obj\stm32f7xx_hal_i2c.o" "C:\embedded\F7
#        projects\LCD_SDRAM\Debug\Obj\stm32f7xx_hal_i2c_ex.o" "C:\embedded\F7
#        projects\LCD_SDRAM\Debug\Obj\stm32f7xx_hal_ltdc.o" "C:\embedded\F7
#        projects\LCD_SDRAM\Debug\Obj\stm32f7xx_hal_ltdc_ex.o" "C:\embedded\F7
#        projects\LCD_SDRAM\Debug\Obj\stm32f7xx_hal_msp.o" "C:\embedded\F7
#        projects\LCD_SDRAM\Debug\Obj\stm32f7xx_hal_pwr.o" "C:\embedded\F7
#        projects\LCD_SDRAM\Debug\Obj\stm32f7xx_hal_pwr_ex.o" "C:\embedded\F7
#        projects\LCD_SDRAM\Debug\Obj\stm32f7xx_hal_rcc.o" "C:\embedded\F7
#        projects\LCD_SDRAM\Debug\Obj\stm32f7xx_hal_rcc_ex.o" "C:\embedded\F7
#        projects\LCD_SDRAM\Debug\Obj\stm32f7xx_hal_sdram.o" "C:\embedded\F7
#        projects\LCD_SDRAM\Debug\Obj\stm32f7xx_it.o" "C:\embedded\F7
#        projects\LCD_SDRAM\Debug\Obj\stm32f7xx_ll_fmc.o" "C:\embedded\F7
#        projects\LCD_SDRAM\Debug\Obj\system_stm32f7xx.o" -o "C:\embedded\F7
#        projects\LCD_SDRAM\Debug\Exe\c.out" --redirect _Printf=_PrintfFull
#        --redirect _Scanf=_ScanfFull --map "C:\embedded\F7
#        projects\LCD_SDRAM\Debug\List\c.map" --config "E:\Program Files\IAR
#        7503\arm\config\linker\ST\stm32f746xG.icf" --semihosting --entry
#        __iar_program_start --vfe
#
###############################################################################

*******************************************************************************
*** RUNTIME MODEL ATTRIBUTES
***

CppFlavor       = *
__SystemLibrary = DLib


*******************************************************************************
*** PLACEMENT SUMMARY
***

"A1":  place at 0x00200000 { ro section .intvec };
"P1":  place in [from 0x00200000 to 0x002fffff] { ro };
"P4":  place in [from 0x20000000 to 0x2000ffff] { block CSTACK };
"P5":  place in [from 0x20010000 to 0x2004bfff] |
                [from 0x2004c000 to 0x2004ffff] { rw, block HEAP };

  Section            Kind        Address    Size  Object
  -------            ----        -------    ----  ------
"A1":                                      0x1c8
  .intvec            ro code  0x00200000   0x1c8  startup_stm32f746xx.o [1]
                            - 0x002001c8   0x1c8

"P1":                                     0x2980
  .text              ro code  0x002001c8   0x798  stm32f7xx_hal_rcc_ex.o [1]
  .text              ro code  0x00200960    0x80  stm32f7xx_hal.o [1]
  .text              ro code  0x002009e0   0x144  stm32f7xx_hal_cortex.o [1]
  .text              ro code  0x00200b24     0x2  stm32f7xx_hal_msp.o [1]
  .text              ro code  0x00200b28   0x6e4  stm32f7xx_hal_rcc.o [1]
  .text              ro code  0x0020120c   0x548  stm32f7xx_hal_ltdc.o [1]
  .text              ro code  0x00201754   0x35c  ltdc.o [1]
  .text              ro code  0x00201ab0    0x56  ABImemcpy_unaligned.o [5]
  .text              ro code  0x00201b08   0x244  stm32f7xx_hal_gpio.o [1]
  .text              ro code  0x00201d4c   0x344  sdram.o [1]
  .text              ro code  0x00202090    0xa4  stm32f7xx_hal_sdram.o [1]
  .text              ro code  0x00202134   0x212  stm32f7xx_hal_dma.o [1]
  .text              ro code  0x00202348   0x16c  stm32f7xx_ll_fmc.o [1]
  .text              ro code  0x002024b4    0xc4  LCD.o [1]
  .text              ro code  0x00202578    0x80  dma2d.o [1]
  .text              ro code  0x002025f8    0xb8  rcc.o [1]
  .text              ro code  0x002026b0    0x84  stm32f7xx_hal_pwr_ex.o [1]
  .text              ro code  0x00202734    0x6c  gpio.o [1]
  .text              ro code  0x002027a0    0x6c  system_stm32f7xx.o [1]
  .text              ro code  0x0020280c    0x40  zero_init3.o [5]
  .text              ro code  0x0020284c    0x36  main.o [1]
  .text              ro code  0x00202882    0x2c  copy_init3.o [5]
  .text              ro code  0x002028b0    0x28  data_init.o [5]
  .text              ro code  0x002028d8    0x24  stm32f7xx_it.o [1]
  .text              ro code  0x002028fc    0x22  fpinit_M.o [4]
  .iar.init_table    const    0x00202920    0x24  - Linker created -
  .text              ro code  0x00202944    0x1a  cmain.o [5]
  .text              ro code  0x0020295e     0x4  low_level_init.o [3]
  .text              ro code  0x00202962     0x4  exit.o [3]
  .text              ro code  0x00202968     0xa  cexit.o [5]
  .text              ro code  0x00202974    0x14  exit.o [6]
  .rodata            const    0x00202988    0x10  system_stm32f7xx.o [1]
  .text              ro code  0x00202998    0x10  startup_stm32f746xx.o [1]
  .text              ro code  0x002029a8     0xc  cstartup_M.o [5]
  .rodata            const    0x002029b4     0x8  stm32f7xx_hal_dma.o [1]
  .text              ro code  0x002029bc     0x4  startup_stm32f746xx.o [1]
  .text              ro code  0x002029c0     0x4  startup_stm32f746xx.o [1]
  .text              ro code  0x002029c4     0x4  startup_stm32f746xx.o [1]
  .text              ro code  0x002029c8     0x4  startup_stm32f746xx.o [1]
  .text              ro code  0x002029cc     0x4  startup_stm32f746xx.o [1]
  .text              ro code  0x002029d0     0x4  startup_stm32f746xx.o [1]
  .text              ro code  0x002029d4     0x4  startup_stm32f746xx.o [1]
  .text              ro code  0x002029d8     0x4  startup_stm32f746xx.o [1]
  .text              ro code  0x002029dc     0x4  startup_stm32f746xx.o [1]
  .text              ro code  0x002029e0     0x4  startup_stm32f746xx.o [1]
  .text              ro code  0x002029e4     0x4  startup_stm32f746xx.o [1]
  .text              ro code  0x002029e8     0x4  startup_stm32f746xx.o [1]
  .text              ro code  0x002029ec     0x4  startup_stm32f746xx.o [1]
  .text              ro code  0x002029f0     0x4  startup_stm32f746xx.o [1]
  .text              ro code  0x002029f4     0x4  startup_stm32f746xx.o [1]
  .text              ro code  0x002029f8     0x4  startup_stm32f746xx.o [1]
  .text              ro code  0x002029fc     0x4  startup_stm32f746xx.o [1]
  .text              ro code  0x00202a00     0x4  startup_stm32f746xx.o [1]
  .text              ro code  0x00202a04     0x4  startup_stm32f746xx.o [1]
  .text              ro code  0x00202a08     0x4  startup_stm32f746xx.o [1]
  .text              ro code  0x00202a0c     0x4  startup_stm32f746xx.o [1]
  .text              ro code  0x00202a10     0x4  startup_stm32f746xx.o [1]
  .text              ro code  0x00202a14     0x4  startup_stm32f746xx.o [1]
  .text              ro code  0x00202a18     0x4  startup_stm32f746xx.o [1]
  .text              ro code  0x00202a1c     0x4  startup_stm32f746xx.o [1]
  .text              ro code  0x00202a20     0x4  startup_stm32f746xx.o [1]
  .text              ro code  0x00202a24     0x4  startup_stm32f746xx.o [1]
  .text              ro code  0x00202a28     0x4  startup_stm32f746xx.o [1]
  .text              ro code  0x00202a2c     0x4  startup_stm32f746xx.o [1]
  .text              ro code  0x00202a30     0x4  startup_stm32f746xx.o [1]
  .text              ro code  0x00202a34     0x4  startup_stm32f746xx.o [1]
  .text              ro code  0x00202a38     0x4  startup_stm32f746xx.o [1]
  .text              ro code  0x00202a3c     0x4  startup_stm32f746xx.o [1]
  .text              ro code  0x00202a40     0x4  startup_stm32f746xx.o [1]
  .text              ro code  0x00202a44     0x4  startup_stm32f746xx.o [1]
  .text              ro code  0x00202a48     0x4  startup_stm32f746xx.o [1]
  .text              ro code  0x00202a4c     0x4  startup_stm32f746xx.o [1]
  .text              ro code  0x00202a50     0x4  startup_stm32f746xx.o [1]
  .text              ro code  0x00202a54     0x4  startup_stm32f746xx.o [1]
  .text              ro code  0x00202a58     0x4  startup_stm32f746xx.o [1]
  .text              ro code  0x00202a5c     0x4  startup_stm32f746xx.o [1]
  .text              ro code  0x00202a60     0x4  startup_stm32f746xx.o [1]
  .text              ro code  0x00202a64     0x4  startup_stm32f746xx.o [1]
  .text              ro code  0x00202a68     0x4  startup_stm32f746xx.o [1]
  .text              ro code  0x00202a6c     0x4  startup_stm32f746xx.o [1]
  .text              ro code  0x00202a70     0x4  startup_stm32f746xx.o [1]
  .text              ro code  0x00202a74     0x4  startup_stm32f746xx.o [1]
  .text              ro code  0x00202a78     0x4  startup_stm32f746xx.o [1]
  .text              ro code  0x00202a7c     0x4  startup_stm32f746xx.o [1]
  .text              ro code  0x00202a80     0x4  startup_stm32f746xx.o [1]
  .text              ro code  0x00202a84     0x4  startup_stm32f746xx.o [1]
  .text              ro code  0x00202a88     0x4  startup_stm32f746xx.o [1]
  .text              ro code  0x00202a8c     0x4  startup_stm32f746xx.o [1]
  .text              ro code  0x00202a90     0x4  startup_stm32f746xx.o [1]
  .text              ro code  0x00202a94     0x4  startup_stm32f746xx.o [1]
  .text              ro code  0x00202a98     0x4  startup_stm32f746xx.o [1]
  .text              ro code  0x00202a9c     0x4  startup_stm32f746xx.o [1]
  .text              ro code  0x00202aa0     0x4  startup_stm32f746xx.o [1]
  .text              ro code  0x00202aa4     0x4  startup_stm32f746xx.o [1]
  .text              ro code  0x00202aa8     0x4  startup_stm32f746xx.o [1]
  .text              ro code  0x00202aac     0x4  startup_stm32f746xx.o [1]
  .text              ro code  0x00202ab0     0x4  startup_stm32f746xx.o [1]
  .text              ro code  0x00202ab4     0x4  startup_stm32f746xx.o [1]
  .text              ro code  0x00202ab8     0x4  startup_stm32f746xx.o [1]
  .text              ro code  0x00202abc     0x4  startup_stm32f746xx.o [1]
  .text              ro code  0x00202ac0     0x4  startup_stm32f746xx.o [1]
  .text              ro code  0x00202ac4     0x4  startup_stm32f746xx.o [1]
  .text              ro code  0x00202ac8     0x4  startup_stm32f746xx.o [1]
  .text              ro code  0x00202acc     0x4  startup_stm32f746xx.o [1]
  .text              ro code  0x00202ad0     0x4  startup_stm32f746xx.o [1]
  .text              ro code  0x00202ad4     0x4  startup_stm32f746xx.o [1]
  .text              ro code  0x00202ad8     0x4  startup_stm32f746xx.o [1]
  .text              ro code  0x00202adc     0x4  startup_stm32f746xx.o [1]
  .text              ro code  0x00202ae0     0x4  startup_stm32f746xx.o [1]
  .text              ro code  0x00202ae4     0x4  startup_stm32f746xx.o [1]
  .text              ro code  0x00202ae8     0x4  startup_stm32f746xx.o [1]
  .text              ro code  0x00202aec     0x4  startup_stm32f746xx.o [1]
  .text              ro code  0x00202af0     0x4  startup_stm32f746xx.o [1]
  .text              ro code  0x00202af4     0x4  startup_stm32f746xx.o [1]
  .text              ro code  0x00202af8     0x4  startup_stm32f746xx.o [1]
  .text              ro code  0x00202afc     0x4  startup_stm32f746xx.o [1]
  .text              ro code  0x00202b00     0x4  startup_stm32f746xx.o [1]
  .text              ro code  0x00202b04     0x4  startup_stm32f746xx.o [1]
  .text              ro code  0x00202b08     0x4  startup_stm32f746xx.o [1]
  .text              ro code  0x00202b0c     0x4  startup_stm32f746xx.o [1]
  .text              ro code  0x00202b10     0x4  startup_stm32f746xx.o [1]
  .text              ro code  0x00202b14     0x4  startup_stm32f746xx.o [1]
  .text              ro code  0x00202b18     0x4  startup_stm32f746xx.o [1]
  .text              ro code  0x00202b1c     0x4  startup_stm32f746xx.o [1]
  .text              ro code  0x00202b20     0x4  startup_stm32f746xx.o [1]
  .text              ro code  0x00202b24     0x4  startup_stm32f746xx.o [1]
  .text              ro code  0x00202b28     0x4  startup_stm32f746xx.o [1]
  .text              ro code  0x00202b2c     0x4  startup_stm32f746xx.o [1]
  .text              ro code  0x00202b30     0x4  startup_stm32f746xx.o [1]
  .text              ro code  0x00202b34     0x4  startup_stm32f746xx.o [1]
  .text              ro code  0x00202b38     0x4  startup_stm32f746xx.o [1]
  .text              ro code  0x00202b3c     0x4  startup_stm32f746xx.o [1]
  .text              ro code  0x00202b40     0x4  startup_stm32f746xx.o [1]
  .rodata            const    0x00202b44     0x0  zero_init3.o [5]
  .rodata            const    0x00202b44     0x0  copy_init3.o [5]
  Initializer bytes  const    0x00202b44     0x4  <for P5 s0>
                            - 0x00202b48  0x2980

"P4":                                     0x2000
  CSTACK                      0x20000000  0x2000  <Block>
    CSTACK           uninit   0x20000000  0x2000  <Block tail>
                            - 0x20002000  0x2000

"P5", part 1 of 2:                           0x4
  P5 s0                       0x20010000     0x4  <Init block>
    .data            inited   0x20010000     0x4  system_stm32f7xx.o [1]
                            - 0x20010004     0x4

"P5", part 2 of 2:                         0x220
  .bss               zero     0x20010004    0xa8  ltdc.o [1]
  .bss               zero     0x200100ac    0x84  ltdc.o [1]
  .bss               zero     0x20010130    0x60  sdram.o [1]
  .bss               zero     0x20010190    0x34  sdram.o [1]
  .bss               zero     0x200101c4    0x30  LCD.o [1]
  .bss               zero     0x200101f4    0x1c  sdram.o [1]
  .bss               zero     0x20010210    0x10  sdram.o [1]
  .bss               zero     0x20010220     0x4  stm32f7xx_hal.o [1]
                            - 0x20010224   0x220


*******************************************************************************
*** INIT TABLE
***

          Address     Size
          -------     ----
Zero (__iar_zero_init3)
    1 destination range, total size 0x220:
          0x20010004  0x220

Copy (__iar_copy_init3)
    1 source range, total size 0x4:
          0x00202b44    0x4
    1 destination range, total size 0x4:
          0x20010000    0x4



*******************************************************************************
*** MODULE SUMMARY
***

    Module                  ro code  ro data  rw data
    ------                  -------  -------  -------
C:\embedded\F7 projects\LCD_SDRAM\Debug\Obj: [1]
    LCD.o                       196                48
    dma2d.o                     128
    gpio.o                      108
    ltdc.o                      860               300
    main.o                       54
    rcc.o                       184
    sdram.o                     836               192
    startup_stm32f746xx.o       864
    stm32f7xx_hal.o             128                 4
    stm32f7xx_hal_cortex.o      324
    stm32f7xx_hal_dma.o         530        8
    stm32f7xx_hal_gpio.o        580
    stm32f7xx_hal_ltdc.o      1 352
    stm32f7xx_hal_msp.o           2
    stm32f7xx_hal_pwr_ex.o      132
    stm32f7xx_hal_rcc.o       1 764
    stm32f7xx_hal_rcc_ex.o    1 944
    stm32f7xx_hal_sdram.o       164
    stm32f7xx_it.o               36
    stm32f7xx_ll_fmc.o          364
    system_stm32f7xx.o          108       20        4
    -------------------------------------------------
    Total:                   10 658       28      548

command line: [2]
    -------------------------------------------------
    Total:

dl7M_tln.a: [3]
    exit.o                        4
    low_level_init.o              4
    -------------------------------------------------
    Total:                        8

m7M_tls.a: [4]
    fpinit_M.o                   34
    -------------------------------------------------
    Total:                       34

rt7M_tl.a: [5]
    ABImemcpy_unaligned.o        86
    cexit.o                      10
    cmain.o                      26
    copy_init3.o                 44
    cstartup_M.o                 12
    data_init.o                  40
    zero_init3.o                 64
    -------------------------------------------------
    Total:                      282

shb_l.a: [6]
    exit.o                       20
    -------------------------------------------------
    Total:                       20

    Gaps                         12        2
    Linker created                        36    8 192
-----------------------------------------------------
    Grand Total:             11 014       66    8 740


*******************************************************************************
*** ENTRY LIST
***

Entry                      Address   Size  Type      Object
-----                      -------   ----  ----      ------
.iar.init_table$$Base   0x00202920          --   Gb  - Linker created -
.iar.init_table$$Limit  0x00202944          --   Gb  - Linker created -
?main                   0x00202945         Code  Gb  cmain.o [5]
AHBPrescTable           0x00202988   0x10  Data  Gb  system_stm32f7xx.o [1]
BusFault_Handler        0x002028df    0x2  Code  Gb  stm32f7xx_it.o [1]
CSTACK$$Base            0x20000000          --   Gb  - Linker created -
CSTACK$$Limit           0x20002000          --   Gb  - Linker created -
Command                 0x20010210   0x10  Data  Lc  sdram.o [1]
DMA2D_FillBuffer        0x00202597   0x40  Code  Gb  dma2d.o [1]
DMA2D_Init              0x00202579   0x1e  Code  Gb  dma2d.o [1]
DMA_CalcBaseAndBitshift
                        0x00202279   0x2e  Code  Lc  stm32f7xx_hal_dma.o [1]
DMA_CheckFifoParam      0x002022b1   0x96  Code  Lc  stm32f7xx_hal_dma.o [1]
DebugMon_Handler        0x002028e3    0x2  Code  Gb  stm32f7xx_it.o [1]
FMC_SDRAM_Init          0x00202349   0x74  Code  Gb  stm32f7xx_ll_fmc.o [1]
FMC_SDRAM_ProgramRefreshRate
                        0x002024a9    0xc  Code  Gb  stm32f7xx_ll_fmc.o [1]
FMC_SDRAM_SendCommand   0x00202459   0x50  Code  Gb  stm32f7xx_ll_fmc.o [1]
FMC_SDRAM_Timing_Init   0x002023bd   0x96  Code  Gb  stm32f7xx_ll_fmc.o [1]
GPIO_Init               0x00202735   0x6c  Code  Gb  gpio.o [1]
GetBufferSize           0x002019bd   0x26  Code  Gb  ltdc.o [1]
HAL_DMA_DeInit          0x0020220f   0x6a  Code  Gb  stm32f7xx_hal_dma.o [1]
HAL_DMA_Init            0x00202135   0xda  Code  Gb  stm32f7xx_hal_dma.o [1]
HAL_Delay               0x002009b9   0x1a  Code  Wk  stm32f7xx_hal.o [1]
HAL_GPIO_Init           0x00201b09  0x1f0  Code  Gb  stm32f7xx_hal_gpio.o [1]
HAL_GPIO_WritePin       0x00201cf9   0x14  Code  Gb  stm32f7xx_hal_gpio.o [1]
HAL_GetTick             0x002009b3    0x6  Code  Wk  stm32f7xx_hal.o [1]
HAL_IncTick             0x002009a7    0xc  Code  Wk  stm32f7xx_hal.o [1]
HAL_Init                0x00200961   0x22  Code  Gb  stm32f7xx_hal.o [1]
HAL_InitTick            0x00200983   0x24  Code  Wk  stm32f7xx_hal.o [1]
HAL_LTDC_ConfigLayer    0x0020144b   0x50  Code  Gb  stm32f7xx_hal_ltdc.o [1]
HAL_LTDC_DeInit         0x00201339   0x20  Code  Gb  stm32f7xx_hal_ltdc.o [1]
HAL_LTDC_EnableDither   0x0020149b   0x38  Code  Gb  stm32f7xx_hal_ltdc.o [1]
HAL_LTDC_ErrorCallback  0x00201447    0x2  Code  Wk  stm32f7xx_hal_ltdc.o [1]
HAL_LTDC_IRQHandler     0x00201359   0xee  Code  Gb  stm32f7xx_hal_ltdc.o [1]
HAL_LTDC_Init           0x0020120d  0x12c  Code  Gb  stm32f7xx_hal_ltdc.o [1]
HAL_LTDC_LineEventCallback
                        0x002019e3   0x82  Code  Gb  ltdc.o [1]
HAL_LTDC_MspDeInit      0x00201a65   0x1a  Code  Gb  ltdc.o [1]
HAL_LTDC_MspInit        0x00201755  0x15c  Code  Gb  ltdc.o [1]
HAL_LTDC_ProgramLineEvent
                        0x002014d3   0x3a  Code  Gb  stm32f7xx_hal_ltdc.o [1]
HAL_LTDC_ReloadEventCallback
                        0x00201449    0x2  Code  Wk  stm32f7xx_hal_ltdc.o [1]
HAL_MspInit             0x00200b25    0x2  Code  Gb  stm32f7xx_hal_msp.o [1]
HAL_NVIC_EnableIRQ      0x00200ad3    0xa  Code  Gb  stm32f7xx_hal_cortex.o [1]
HAL_NVIC_SetPriority    0x00200ab1   0x22  Code  Gb  stm32f7xx_hal_cortex.o [1]
HAL_NVIC_SetPriorityGrouping
                        0x00200aa9    0x8  Code  Gb  stm32f7xx_hal_cortex.o [1]
HAL_PWREx_EnableOverDrive
                        0x002026b1   0x76  Code  Gb  stm32f7xx_hal_pwr_ex.o [1]
HAL_RCCEx_PeriphCLKConfig
                        0x002001c9  0x76a  Code  Gb  stm32f7xx_hal_rcc_ex.o [1]
HAL_RCC_ClockConfig     0x00200f99  0x19e  Code  Gb  stm32f7xx_hal_rcc.o [1]
HAL_RCC_EnableCSS       0x00201137    0xe  Code  Gb  stm32f7xx_hal_rcc.o [1]
HAL_RCC_GetHCLKFreq     0x002011d1    0x6  Code  Gb  stm32f7xx_hal_rcc.o [1]
HAL_RCC_GetSysClockFreq
                        0x00201145   0x8c  Code  Gb  stm32f7xx_hal_rcc.o [1]
HAL_RCC_OscConfig       0x00200b29  0x470  Code  Wk  stm32f7xx_hal_rcc.o [1]
HAL_SDRAM_Init          0x00202091   0x44  Code  Gb  stm32f7xx_hal_sdram.o [1]
HAL_SDRAM_MspInit       0x002020d5    0x2  Code  Wk  stm32f7xx_hal_sdram.o [1]
HAL_SDRAM_ProgramRefreshRate
                        0x0020210f   0x26  Code  Gb  stm32f7xx_hal_sdram.o [1]
HAL_SDRAM_SendCommand   0x002020d7   0x38  Code  Gb  stm32f7xx_hal_sdram.o [1]
HAL_SYSTICK_CLKSourceConfig
                        0x00200ae5   0x20  Code  Gb  stm32f7xx_hal_cortex.o [1]
HAL_SYSTICK_Config      0x00200add    0x8  Code  Gb  stm32f7xx_hal_cortex.o [1]
HardFault_Handler       0x002028db    0x2  Code  Gb  stm32f7xx_it.o [1]
LCD_Init                0x002024b5   0x48  Code  Gb  LCD.o [1]
LCD_LL_FillRect         0x002024fd   0x70  Code  Gb  LCD.o [1]
LTDC_ConfigLayer        0x00201953   0x6a  Code  Gb  ltdc.o [1]
LTDC_IRQHandler         0x002028ed    0xa  Code  Gb  stm32f7xx_it.o [1]
LTDC_Init               0x002018b1   0xa2  Code  Gb  ltdc.o [1]
LTDC_SetConfig          0x0020150d  0x236  Code  Lc  stm32f7xx_hal_ltdc.o [1]
MemManage_Handler       0x002028dd    0x2  Code  Gb  stm32f7xx_it.o [1]
NMI_Handler             0x002028d9    0x2  Code  Gb  stm32f7xx_it.o [1]
NVIC_EnableIRQ          0x00200a07   0x14  Code  Lc  stm32f7xx_hal_cortex.o [1]
NVIC_EncodePriority     0x00200a3d   0x3e  Code  Lc  stm32f7xx_hal_cortex.o [1]
NVIC_GetPriorityGrouping
                        0x002009fd    0xa  Code  Lc  stm32f7xx_hal_cortex.o [1]
NVIC_SetPriority        0x00200a1b   0x22  Code  Lc  stm32f7xx_hal_cortex.o [1]
NVIC_SetPriorityGrouping
                        0x002009e1   0x1c  Code  Lc  stm32f7xx_hal_cortex.o [1]
RCC_Init                0x002025f9   0xb8  Code  Gb  rcc.o [1]
Region$$Table$$Base     0x00202920          --   Gb  - Linker created -
Region$$Table$$Limit    0x00202944          --   Gb  - Linker created -
SDRAM_Init              0x00201d4d   0xb4  Code  Gb  sdram.o [1]
SDRAM_Initialization_sequence
                        0x00201e01   0xb0  Code  Gb  sdram.o [1]
SDRAM_MspInit           0x00201eb1  0x1a6  Code  Wk  sdram.o [1]
SysTick_Config          0x00200a7b   0x2e  Code  Lc  stm32f7xx_hal_cortex.o [1]
SysTick_Handler         0x002028e5    0x8  Code  Gb  stm32f7xx_it.o [1]
SystemCoreClock         0x20010000    0x4  Data  Gb  system_stm32f7xx.o [1]
SystemInit              0x002027a1   0x4c  Code  Gb  system_stm32f7xx.o [1]
Timing                  0x200101f4   0x1c  Data  Lc  sdram.o [1]
UsageFault_Handler      0x002028e1    0x2  Code  Gb  stm32f7xx_it.o [1]
__cmain                 0x00202945         Code  Gb  cmain.o [5]
__exit                  0x00202975   0x14  Code  Gb  exit.o [6]
__iar_copy_init3        0x00202883   0x2c  Code  Gb  copy_init3.o [5]
__iar_data_init3        0x002028b1   0x28  Code  Gb  data_init.o [5]
__iar_init_vfp          0x002028fd         Code  Gb  fpinit_M.o [4]
__iar_program_start     0x002029a9         Code  Gb  cstartup_M.o [5]
__iar_unaligned___aeabi_memcpy4
                        0x00201ab1         Code  Gb  ABImemcpy_unaligned.o [5]
__iar_unaligned___aeabi_memcpy8
                        0x00201ab1         Code  Gb  ABImemcpy_unaligned.o [5]
__iar_zero_init3        0x0020280d   0x40  Code  Gb  zero_init3.o [5]
__low_level_init        0x0020295f    0x4  Code  Gb  low_level_init.o [3]
__vector_table          0x00200000         Data  Gb  startup_stm32f746xx.o [1]
_call_main              0x00202951         Code  Gb  cmain.o [5]
_exit                   0x00202969         Code  Gb  cexit.o [5]
_main                   0x0020295b         Code  Gb  cmain.o [5]
exit                    0x00202963    0x4  Code  Gb  exit.o [3]
hltdc                   0x20010004   0xa8  Data  Gb  ltdc.o [1]
layer_prop              0x200101c4   0x30  Data  Gb  LCD.o [1]
main                    0x0020284d   0x36  Code  Gb  main.o [1]
sdramHandle             0x20010190   0x34  Data  Gb  sdram.o [1]
uwTick                  0x20010220    0x4  Data  Gb  stm32f7xx_hal.o [1]


[1] = C:\embedded\F7 projects\LCD_SDRAM\Debug\Obj
[2] = command line
[3] = dl7M_tln.a
[4] = m7M_tls.a
[5] = rt7M_tl.a
[6] = shb_l.a

  11 014 bytes of readonly  code memory
      66 bytes of readonly  data memory
   8 740 bytes of readwrite data memory

Errors: none
Warnings: none
