###############################################################################
#
# IAR ELF Linker V7.50.3.10732/W32 for ARM                29/Nov/2016  22:25:26
# Copyright 2007-2016 IAR Systems AB.
#
#    Output file  =  C:\embedded\F7 projects\LCD_SDRAM\Debug\Exe\c.out
#    Map file     =  C:\embedded\F7 projects\LCD_SDRAM\Debug\List\c.map
#    Command line =  
#        "C:\embedded\F7 projects\LCD_SDRAM\Debug\Obj\dma2d.o" "C:\embedded\F7
#        projects\LCD_SDRAM\Debug\Obj\gpio.o" "C:\embedded\F7
#        projects\LCD_SDRAM\Debug\Obj\LCD.o" "C:\embedded\F7
#        projects\LCD_SDRAM\Debug\Obj\ltdc.o" "C:\embedded\F7
#        projects\LCD_SDRAM\Debug\Obj\main.o" "C:\embedded\F7
#        projects\LCD_SDRAM\Debug\Obj\rcc.o" "C:\embedded\F7
#        projects\LCD_SDRAM\Debug\Obj\sdram.o" "C:\embedded\F7
#        projects\LCD_SDRAM\Debug\Obj\startup_stm32f746xx.o" "C:\embedded\F7
#        projects\LCD_SDRAM\Debug\Obj\stm32f7xx_hal.o" "C:\embedded\F7
#        projects\LCD_SDRAM\Debug\Obj\stm32f7xx_hal_cortex.o" "C:\embedded\F7
#        projects\LCD_SDRAM\Debug\Obj\stm32f7xx_hal_dma.o" "C:\embedded\F7
#        projects\LCD_SDRAM\Debug\Obj\stm32f7xx_hal_dma2d.o" "C:\embedded\F7
#        projects\LCD_SDRAM\Debug\Obj\stm32f7xx_hal_dma_ex.o" "C:\embedded\F7
#        projects\LCD_SDRAM\Debug\Obj\stm32f7xx_hal_flash.o" "C:\embedded\F7
#        projects\LCD_SDRAM\Debug\Obj\stm32f7xx_hal_flash_ex.o" "C:\embedded\F7
#        projects\LCD_SDRAM\Debug\Obj\stm32f7xx_hal_gpio.o" "C:\embedded\F7
#        projects\LCD_SDRAM\Debug\Obj\stm32f7xx_hal_i2c.o" "C:\embedded\F7
#        projects\LCD_SDRAM\Debug\Obj\stm32f7xx_hal_i2c_ex.o" "C:\embedded\F7
#        projects\LCD_SDRAM\Debug\Obj\stm32f7xx_hal_ltdc.o" "C:\embedded\F7
#        projects\LCD_SDRAM\Debug\Obj\stm32f7xx_hal_ltdc_ex.o" "C:\embedded\F7
#        projects\LCD_SDRAM\Debug\Obj\stm32f7xx_hal_msp.o" "C:\embedded\F7
#        projects\LCD_SDRAM\Debug\Obj\stm32f7xx_hal_pwr.o" "C:\embedded\F7
#        projects\LCD_SDRAM\Debug\Obj\stm32f7xx_hal_pwr_ex.o" "C:\embedded\F7
#        projects\LCD_SDRAM\Debug\Obj\stm32f7xx_hal_rcc.o" "C:\embedded\F7
#        projects\LCD_SDRAM\Debug\Obj\stm32f7xx_hal_rcc_ex.o" "C:\embedded\F7
#        projects\LCD_SDRAM\Debug\Obj\stm32f7xx_hal_sdram.o" "C:\embedded\F7
#        projects\LCD_SDRAM\Debug\Obj\stm32f7xx_it.o" "C:\embedded\F7
#        projects\LCD_SDRAM\Debug\Obj\stm32f7xx_ll_fmc.o" "C:\embedded\F7
#        projects\LCD_SDRAM\Debug\Obj\system_stm32f7xx.o" -o "C:\embedded\F7
#        projects\LCD_SDRAM\Debug\Exe\c.out" --redirect _Printf=_PrintfFull
#        --redirect _Scanf=_ScanfFull --map "C:\embedded\F7
#        projects\LCD_SDRAM\Debug\List\c.map" --config "E:\Program Files\IAR
#        7503\arm\config\linker\ST\stm32f746xG.icf" --semihosting --entry
#        __iar_program_start --no_exceptions --vfe
#
###############################################################################

*******************************************************************************
*** RUNTIME MODEL ATTRIBUTES
***

CppFlavor       = *
__SystemLibrary = DLib


*******************************************************************************
*** PLACEMENT SUMMARY
***

"A1":  place at 0x00200000 { ro section .intvec };
"P1":  place in [from 0x00200000 to 0x002fffff] { ro };
"P4":  place in [from 0x20000000 to 0x2000ffff] { block CSTACK };
"P5":  place in [from 0x20010000 to 0x2004bfff] |
                [from 0x2004c000 to 0x2004ffff] { rw, block HEAP };

  Section             Kind        Address    Size  Object
  -------             ----        -------    ----  ------
"A1":                                       0x1c8
  .intvec             ro code  0x00200000   0x1c8  startup_stm32f746xx.o [1]
                             - 0x002001c8   0x1c8

"P1":                                      0x2f34
  .text               ro code  0x002001c8   0x798  stm32f7xx_hal_rcc_ex.o [1]
  .text               ro code  0x00200960    0x80  stm32f7xx_hal.o [1]
  .text               ro code  0x002009e0   0x144  stm32f7xx_hal_cortex.o [1]
  .text               ro code  0x00200b24     0x2  stm32f7xx_hal_msp.o [1]
  .text               ro code  0x00200b28   0x6e4  stm32f7xx_hal_rcc.o [1]
  .text               ro code  0x0020120c   0x548  stm32f7xx_hal_ltdc.o [1]
  .text               ro code  0x00201754   0x338  ltdc.o [1]
  .text               ro code  0x00201a8c    0x56  ABImemcpy_unaligned.o [5]
  .text               ro code  0x00201ae4   0x244  stm32f7xx_hal_gpio.o [1]
  .text               ro code  0x00201d28   0x344  sdram.o [1]
  .text               ro code  0x0020206c    0xa4  stm32f7xx_hal_sdram.o [1]
  .text               ro code  0x00202110   0x212  stm32f7xx_hal_dma.o [1]
  .text               ro code  0x00202324   0x16c  stm32f7xx_ll_fmc.o [1]
  .text               ro code  0x00202490   0x330  LCD.o [1]
  .text               ro code  0x002027c0    0x7c  dma2d.o [1]
  .text               ro code  0x0020283c    0x66  ABImemset.o [5]
  .text               ro code  0x002028a4    0x4e  FltToDbl.o [4]
  .text               ro code  0x002028f4   0x1a2  DblMul.o [4]
  .text               ro code  0x00202a98    0x2c  DblToI32.o [4]
  .text               ro code  0x00202ac4     0x8  abs.o [3]
  .text               ro code  0x00202acc    0xb8  rcc.o [1]
  .text               ro code  0x00202b84    0x84  stm32f7xx_hal_pwr_ex.o [1]
  .text               ro code  0x00202c08    0x6c  gpio.o [1]
  .text               ro code  0x00202c74    0x6c  system_stm32f7xx.o [1]
  .text               ro code  0x00202ce0    0x68  main.o [1]
  .text               ro code  0x00202d48    0x20  srand.o [3]
  .text               ro code  0x00202d68     0x2  xtls.o [3]
  .text               ro code  0x00202d6a    0x40  zero_init3.o [5]
  .text               ro code  0x00202daa    0x2c  copy_init3.o [5]
  .text               ro code  0x00202dd8    0x28  data_init.o [5]
  .text               ro code  0x00202e00    0x24  stm32f7xx_it.o [1]
  .text               ro code  0x00202e24    0x22  fpinit_M.o [4]
  .iar.init_table     const    0x00202e48    0x24  - Linker created -
  .text               ro code  0x00202e6c    0x1a  cmain.o [5]
  .text               ro code  0x00202e86     0x4  low_level_init.o [3]
  .text               ro code  0x00202e8a     0x4  exit.o [3]
  .text               ro code  0x00202e90     0xa  cexit.o [5]
  .text               ro code  0x00202e9c    0x14  exit.o [6]
  .rodata             const    0x00202eb0    0x10  system_stm32f7xx.o [1]
  .text               ro code  0x00202ec0    0x10  startup_stm32f746xx.o [1]
  .text               ro code  0x00202ed0     0xc  cstartup_M.o [5]
  .rodata             const    0x00202edc     0x8  stm32f7xx_hal_dma.o [1]
  .text               ro code  0x00202ee4     0x4  startup_stm32f746xx.o [1]
  .text               ro code  0x00202ee8     0x4  startup_stm32f746xx.o [1]
  .text               ro code  0x00202eec     0x4  startup_stm32f746xx.o [1]
  .text               ro code  0x00202ef0     0x4  startup_stm32f746xx.o [1]
  .text               ro code  0x00202ef4     0x4  startup_stm32f746xx.o [1]
  .text               ro code  0x00202ef8     0x4  startup_stm32f746xx.o [1]
  .text               ro code  0x00202efc     0x4  startup_stm32f746xx.o [1]
  .text               ro code  0x00202f00     0x4  startup_stm32f746xx.o [1]
  .text               ro code  0x00202f04     0x4  startup_stm32f746xx.o [1]
  .text               ro code  0x00202f08     0x4  startup_stm32f746xx.o [1]
  .text               ro code  0x00202f0c     0x4  startup_stm32f746xx.o [1]
  .text               ro code  0x00202f10     0x4  startup_stm32f746xx.o [1]
  .text               ro code  0x00202f14     0x4  startup_stm32f746xx.o [1]
  .text               ro code  0x00202f18     0x4  startup_stm32f746xx.o [1]
  .text               ro code  0x00202f1c     0x4  startup_stm32f746xx.o [1]
  .text               ro code  0x00202f20     0x4  startup_stm32f746xx.o [1]
  .text               ro code  0x00202f24     0x4  startup_stm32f746xx.o [1]
  .text               ro code  0x00202f28     0x4  startup_stm32f746xx.o [1]
  .text               ro code  0x00202f2c     0x4  startup_stm32f746xx.o [1]
  .text               ro code  0x00202f30     0x4  startup_stm32f746xx.o [1]
  .text               ro code  0x00202f34     0x4  startup_stm32f746xx.o [1]
  .text               ro code  0x00202f38     0x4  startup_stm32f746xx.o [1]
  .text               ro code  0x00202f3c     0x4  startup_stm32f746xx.o [1]
  .text               ro code  0x00202f40     0x4  startup_stm32f746xx.o [1]
  .text               ro code  0x00202f44     0x4  startup_stm32f746xx.o [1]
  .text               ro code  0x00202f48     0x4  startup_stm32f746xx.o [1]
  .text               ro code  0x00202f4c     0x4  startup_stm32f746xx.o [1]
  .text               ro code  0x00202f50     0x4  startup_stm32f746xx.o [1]
  .text               ro code  0x00202f54     0x4  startup_stm32f746xx.o [1]
  .text               ro code  0x00202f58     0x4  startup_stm32f746xx.o [1]
  .text               ro code  0x00202f5c     0x4  startup_stm32f746xx.o [1]
  .text               ro code  0x00202f60     0x4  startup_stm32f746xx.o [1]
  .text               ro code  0x00202f64     0x4  startup_stm32f746xx.o [1]
  .text               ro code  0x00202f68     0x4  startup_stm32f746xx.o [1]
  .text               ro code  0x00202f6c     0x4  startup_stm32f746xx.o [1]
  .text               ro code  0x00202f70     0x4  startup_stm32f746xx.o [1]
  .text               ro code  0x00202f74     0x4  startup_stm32f746xx.o [1]
  .text               ro code  0x00202f78     0x4  startup_stm32f746xx.o [1]
  .text               ro code  0x00202f7c     0x4  startup_stm32f746xx.o [1]
  .text               ro code  0x00202f80     0x4  startup_stm32f746xx.o [1]
  .text               ro code  0x00202f84     0x4  startup_stm32f746xx.o [1]
  .text               ro code  0x00202f88     0x4  startup_stm32f746xx.o [1]
  .text               ro code  0x00202f8c     0x4  startup_stm32f746xx.o [1]
  .text               ro code  0x00202f90     0x4  startup_stm32f746xx.o [1]
  .text               ro code  0x00202f94     0x4  startup_stm32f746xx.o [1]
  .text               ro code  0x00202f98     0x4  startup_stm32f746xx.o [1]
  .text               ro code  0x00202f9c     0x4  startup_stm32f746xx.o [1]
  .text               ro code  0x00202fa0     0x4  startup_stm32f746xx.o [1]
  .text               ro code  0x00202fa4     0x4  startup_stm32f746xx.o [1]
  .text               ro code  0x00202fa8     0x4  startup_stm32f746xx.o [1]
  .text               ro code  0x00202fac     0x4  startup_stm32f746xx.o [1]
  .text               ro code  0x00202fb0     0x4  startup_stm32f746xx.o [1]
  .text               ro code  0x00202fb4     0x4  startup_stm32f746xx.o [1]
  .text               ro code  0x00202fb8     0x4  startup_stm32f746xx.o [1]
  .text               ro code  0x00202fbc     0x4  startup_stm32f746xx.o [1]
  .text               ro code  0x00202fc0     0x4  startup_stm32f746xx.o [1]
  .text               ro code  0x00202fc4     0x4  startup_stm32f746xx.o [1]
  .text               ro code  0x00202fc8     0x4  startup_stm32f746xx.o [1]
  .text               ro code  0x00202fcc     0x4  startup_stm32f746xx.o [1]
  .text               ro code  0x00202fd0     0x4  startup_stm32f746xx.o [1]
  .text               ro code  0x00202fd4     0x4  startup_stm32f746xx.o [1]
  .text               ro code  0x00202fd8     0x4  startup_stm32f746xx.o [1]
  .text               ro code  0x00202fdc     0x4  startup_stm32f746xx.o [1]
  .text               ro code  0x00202fe0     0x4  startup_stm32f746xx.o [1]
  .text               ro code  0x00202fe4     0x4  startup_stm32f746xx.o [1]
  .text               ro code  0x00202fe8     0x4  startup_stm32f746xx.o [1]
  .text               ro code  0x00202fec     0x4  startup_stm32f746xx.o [1]
  .text               ro code  0x00202ff0     0x4  startup_stm32f746xx.o [1]
  .text               ro code  0x00202ff4     0x4  startup_stm32f746xx.o [1]
  .text               ro code  0x00202ff8     0x4  startup_stm32f746xx.o [1]
  .text               ro code  0x00202ffc     0x4  startup_stm32f746xx.o [1]
  .text               ro code  0x00203000     0x4  startup_stm32f746xx.o [1]
  .text               ro code  0x00203004     0x4  startup_stm32f746xx.o [1]
  .text               ro code  0x00203008     0x4  startup_stm32f746xx.o [1]
  .text               ro code  0x0020300c     0x4  startup_stm32f746xx.o [1]
  .text               ro code  0x00203010     0x4  startup_stm32f746xx.o [1]
  .text               ro code  0x00203014     0x4  startup_stm32f746xx.o [1]
  .text               ro code  0x00203018     0x4  startup_stm32f746xx.o [1]
  .text               ro code  0x0020301c     0x4  startup_stm32f746xx.o [1]
  .text               ro code  0x00203020     0x4  startup_stm32f746xx.o [1]
  .text               ro code  0x00203024     0x4  startup_stm32f746xx.o [1]
  .text               ro code  0x00203028     0x4  startup_stm32f746xx.o [1]
  .text               ro code  0x0020302c     0x4  startup_stm32f746xx.o [1]
  .text               ro code  0x00203030     0x4  startup_stm32f746xx.o [1]
  .text               ro code  0x00203034     0x4  startup_stm32f746xx.o [1]
  .text               ro code  0x00203038     0x4  startup_stm32f746xx.o [1]
  .text               ro code  0x0020303c     0x4  startup_stm32f746xx.o [1]
  .text               ro code  0x00203040     0x4  startup_stm32f746xx.o [1]
  .text               ro code  0x00203044     0x4  startup_stm32f746xx.o [1]
  .text               ro code  0x00203048     0x4  startup_stm32f746xx.o [1]
  .text               ro code  0x0020304c     0x4  startup_stm32f746xx.o [1]
  .text               ro code  0x00203050     0x4  startup_stm32f746xx.o [1]
  .text               ro code  0x00203054     0x4  startup_stm32f746xx.o [1]
  .text               ro code  0x00203058     0x4  startup_stm32f746xx.o [1]
  .text               ro code  0x0020305c     0x4  startup_stm32f746xx.o [1]
  .text               ro code  0x00203060     0x4  startup_stm32f746xx.o [1]
  .text               ro code  0x00203064     0x4  startup_stm32f746xx.o [1]
  .text               ro code  0x00203068     0x4  startup_stm32f746xx.o [1]
  .rodata             const    0x0020306c     0x0  zero_init3.o [5]
  .rodata             const    0x0020306c     0x0  copy_init3.o [5]
  Initializer bytes   const    0x0020306c    0x90  <for P5 s0>
                             - 0x002030fc  0x2f34

"P4":                                      0x2000
  CSTACK                       0x20000000  0x2000  <Block>
    CSTACK            uninit   0x20000000  0x2000  <Block tail>
                             - 0x20002000  0x2000

"P5", part 1 of 2:                           0x90
  P5 s0                        0x20010000    0x90  <Init block>
    __DLIB_PERTHREAD  inited   0x20010000    0x8c  rand.o [3]
    .data             inited   0x2001008c     0x4  system_stm32f7xx.o [1]
                             - 0x20010090    0x90

"P5", part 2 of 2:                          0x224
  .bss                zero     0x20010090    0xa8  ltdc.o [1]
  .bss                zero     0x20010138    0x84  ltdc.o [1]
  .bss                zero     0x200101bc    0x60  sdram.o [1]
  .bss                zero     0x2001021c    0x34  sdram.o [1]
  .bss                zero     0x20010250    0x30  LCD.o [1]
  .bss                zero     0x20010280    0x1c  sdram.o [1]
  .bss                zero     0x2001029c    0x10  sdram.o [1]
  .bss                zero     0x200102ac     0x4  main.o [1]
  .bss                zero     0x200102b0     0x4  stm32f7xx_hal.o [1]
                             - 0x200102b4   0x224


*******************************************************************************
*** INIT TABLE
***

          Address     Size
          -------     ----
Zero (__iar_zero_init3)
    1 destination range, total size 0x224:
          0x20010090  0x224

Copy (__iar_copy_init3)
    1 source range, total size 0x90:
          0x0020306c   0x90
    1 destination range, total size 0x90:
          0x20010000   0x90



*******************************************************************************
*** MODULE SUMMARY
***

    Module                  ro code  ro data  rw data
    ------                  -------  -------  -------
C:\embedded\F7 projects\LCD_SDRAM\Debug\Obj: [1]
    LCD.o                       816                48
    dma2d.o                     124
    gpio.o                      108
    ltdc.o                      824               300
    main.o                      104                 4
    rcc.o                       184
    sdram.o                     836               192
    startup_stm32f746xx.o       864
    stm32f7xx_hal.o             128                 4
    stm32f7xx_hal_cortex.o      324
    stm32f7xx_hal_dma.o         530        8
    stm32f7xx_hal_gpio.o        580
    stm32f7xx_hal_ltdc.o      1 352
    stm32f7xx_hal_msp.o           2
    stm32f7xx_hal_pwr_ex.o      132
    stm32f7xx_hal_rcc.o       1 764
    stm32f7xx_hal_rcc_ex.o    1 944
    stm32f7xx_hal_sdram.o       164
    stm32f7xx_it.o               36
    stm32f7xx_ll_fmc.o          364
    system_stm32f7xx.o          108       20        4
    -------------------------------------------------
    Total:                   11 288       28      552

command line: [2]
    -------------------------------------------------
    Total:

dl7M_tln.a: [3]
    abs.o                         8
    exit.o                        4
    low_level_init.o              4
    rand.o                               140      140
    srand.o                      32
    xtls.o                        2
    -------------------------------------------------
    Total:                       50      140      140

m7M_tls.a: [4]
    DblMul.o                    418
    DblToI32.o                   44
    FltToDbl.o                   78
    fpinit_M.o                   34
    -------------------------------------------------
    Total:                      574

rt7M_tl.a: [5]
    ABImemcpy_unaligned.o        86
    ABImemset.o                 102
    cexit.o                      10
    cmain.o                      26
    copy_init3.o                 44
    cstartup_M.o                 12
    data_init.o                  40
    zero_init3.o                 64
    -------------------------------------------------
    Total:                      384

shb_l.a: [6]
    exit.o                       20
    -------------------------------------------------
    Total:                       20

    Gaps                         18        2
    Linker created                        36    8 192
-----------------------------------------------------
    Grand Total:             12 334      206    8 884


*******************************************************************************
*** ENTRY LIST
***

Entry                      Address   Size  Type      Object
-----                      -------   ----  ----      ------
.iar.init_table$$Base   0x00202e48          --   Gb  - Linker created -
.iar.init_table$$Limit  0x00202e6c          --   Gb  - Linker created -
?main                   0x00202e6d         Code  Gb  cmain.o [5]
AHBPrescTable           0x00202eb0   0x10  Data  Gb  system_stm32f7xx.o [1]
BusFault_Handler        0x00202e07    0x2  Code  Gb  stm32f7xx_it.o [1]
CSTACK$$Base            0x20000000          --   Gb  - Linker created -
CSTACK$$Limit           0x20002000          --   Gb  - Linker created -
Command                 0x2001029c   0x10  Data  Lc  sdram.o [1]
DMA2D_FillBuffer        0x002027df   0x3e  Code  Gb  dma2d.o [1]
DMA2D_Init              0x002027c1   0x1e  Code  Gb  dma2d.o [1]
DMA_CalcBaseAndBitshift
                        0x00202255   0x2e  Code  Lc  stm32f7xx_hal_dma.o [1]
DMA_CheckFifoParam      0x0020228d   0x96  Code  Lc  stm32f7xx_hal_dma.o [1]
DebugMon_Handler        0x00202e0b    0x2  Code  Gb  stm32f7xx_it.o [1]
FMC_SDRAM_Init          0x00202325   0x74  Code  Gb  stm32f7xx_ll_fmc.o [1]
FMC_SDRAM_ProgramRefreshRate
                        0x00202485    0xc  Code  Gb  stm32f7xx_ll_fmc.o [1]
FMC_SDRAM_SendCommand   0x00202435   0x50  Code  Gb  stm32f7xx_ll_fmc.o [1]
FMC_SDRAM_Timing_Init   0x00202399   0x96  Code  Gb  stm32f7xx_ll_fmc.o [1]
GPIO_Init               0x00202c09   0x6c  Code  Gb  gpio.o [1]
HAL_DMA_DeInit          0x002021eb   0x6a  Code  Gb  stm32f7xx_hal_dma.o [1]
HAL_DMA_Init            0x00202111   0xda  Code  Gb  stm32f7xx_hal_dma.o [1]
HAL_Delay               0x002009b9   0x1a  Code  Wk  stm32f7xx_hal.o [1]
HAL_GPIO_Init           0x00201ae5  0x1f0  Code  Gb  stm32f7xx_hal_gpio.o [1]
HAL_GPIO_WritePin       0x00201cd5   0x14  Code  Gb  stm32f7xx_hal_gpio.o [1]
HAL_GetTick             0x002009b3    0x6  Code  Wk  stm32f7xx_hal.o [1]
HAL_IncTick             0x002009a7    0xc  Code  Wk  stm32f7xx_hal.o [1]
HAL_Init                0x00200961   0x22  Code  Gb  stm32f7xx_hal.o [1]
HAL_InitTick            0x00200983   0x24  Code  Wk  stm32f7xx_hal.o [1]
HAL_LTDC_ConfigLayer    0x0020144b   0x50  Code  Gb  stm32f7xx_hal_ltdc.o [1]
HAL_LTDC_DeInit         0x00201339   0x20  Code  Gb  stm32f7xx_hal_ltdc.o [1]
HAL_LTDC_EnableDither   0x0020149b   0x38  Code  Gb  stm32f7xx_hal_ltdc.o [1]
HAL_LTDC_ErrorCallback  0x00201447    0x2  Code  Wk  stm32f7xx_hal_ltdc.o [1]
HAL_LTDC_IRQHandler     0x00201359   0xee  Code  Gb  stm32f7xx_hal_ltdc.o [1]
HAL_LTDC_Init           0x0020120d  0x12c  Code  Gb  stm32f7xx_hal_ltdc.o [1]
HAL_LTDC_LineEventCallback
                        0x002019bd   0x82  Code  Gb  ltdc.o [1]
HAL_LTDC_MspDeInit      0x00201a3f   0x1a  Code  Gb  ltdc.o [1]
HAL_LTDC_MspInit        0x00201755  0x15c  Code  Gb  ltdc.o [1]
HAL_LTDC_ProgramLineEvent
                        0x002014d3   0x3a  Code  Gb  stm32f7xx_hal_ltdc.o [1]
HAL_LTDC_ReloadEventCallback
                        0x00201449    0x2  Code  Wk  stm32f7xx_hal_ltdc.o [1]
HAL_MspInit             0x00200b25    0x2  Code  Gb  stm32f7xx_hal_msp.o [1]
HAL_NVIC_EnableIRQ      0x00200ad3    0xa  Code  Gb  stm32f7xx_hal_cortex.o [1]
HAL_NVIC_SetPriority    0x00200ab1   0x22  Code  Gb  stm32f7xx_hal_cortex.o [1]
HAL_NVIC_SetPriorityGrouping
                        0x00200aa9    0x8  Code  Gb  stm32f7xx_hal_cortex.o [1]
HAL_PWREx_EnableOverDrive
                        0x00202b85   0x76  Code  Gb  stm32f7xx_hal_pwr_ex.o [1]
HAL_RCCEx_PeriphCLKConfig
                        0x002001c9  0x76a  Code  Gb  stm32f7xx_hal_rcc_ex.o [1]
HAL_RCC_ClockConfig     0x00200f99  0x19e  Code  Gb  stm32f7xx_hal_rcc.o [1]
HAL_RCC_EnableCSS       0x00201137    0xe  Code  Gb  stm32f7xx_hal_rcc.o [1]
HAL_RCC_GetHCLKFreq     0x002011d1    0x6  Code  Gb  stm32f7xx_hal_rcc.o [1]
HAL_RCC_GetSysClockFreq
                        0x00201145   0x8c  Code  Gb  stm32f7xx_hal_rcc.o [1]
HAL_RCC_OscConfig       0x00200b29  0x470  Code  Wk  stm32f7xx_hal_rcc.o [1]
HAL_SDRAM_Init          0x0020206d   0x44  Code  Gb  stm32f7xx_hal_sdram.o [1]
HAL_SDRAM_MspInit       0x002020b1    0x2  Code  Wk  stm32f7xx_hal_sdram.o [1]
HAL_SDRAM_ProgramRefreshRate
                        0x002020eb   0x26  Code  Gb  stm32f7xx_hal_sdram.o [1]
HAL_SDRAM_SendCommand   0x002020b3   0x38  Code  Gb  stm32f7xx_hal_sdram.o [1]
HAL_SYSTICK_CLKSourceConfig
                        0x00200ae5   0x20  Code  Gb  stm32f7xx_hal_cortex.o [1]
HAL_SYSTICK_Config      0x00200add    0x8  Code  Gb  stm32f7xx_hal_cortex.o [1]
HardFault_Handler       0x00202e03    0x2  Code  Gb  stm32f7xx_it.o [1]
LCD_Init                0x00202491   0xc4  Code  Gb  LCD.o [1]
LCD_LL_FillRect         0x00202555   0x72  Code  Gb  LCD.o [1]
LCD_LL_Line             0x002025c7  0x1e8  Code  Gb  LCD.o [1]
LTDC_ConfigLayer        0x00201953   0x6a  Code  Gb  ltdc.o [1]
LTDC_IRQHandler         0x00202e15    0xa  Code  Gb  stm32f7xx_it.o [1]
LTDC_Init               0x002018b1   0xa2  Code  Gb  ltdc.o [1]
LTDC_SetConfig          0x0020150d  0x236  Code  Lc  stm32f7xx_hal_ltdc.o [1]
MemManage_Handler       0x00202e05    0x2  Code  Gb  stm32f7xx_it.o [1]
NMI_Handler             0x00202e01    0x2  Code  Gb  stm32f7xx_it.o [1]
NVIC_EnableIRQ          0x00200a07   0x14  Code  Lc  stm32f7xx_hal_cortex.o [1]
NVIC_EncodePriority     0x00200a3d   0x3e  Code  Lc  stm32f7xx_hal_cortex.o [1]
NVIC_GetPriorityGrouping
                        0x002009fd    0xa  Code  Lc  stm32f7xx_hal_cortex.o [1]
NVIC_SetPriority        0x00200a1b   0x22  Code  Lc  stm32f7xx_hal_cortex.o [1]
NVIC_SetPriorityGrouping
                        0x002009e1   0x1c  Code  Lc  stm32f7xx_hal_cortex.o [1]
RCC_Init                0x00202acd   0xb8  Code  Gb  rcc.o [1]
Region$$Table$$Base     0x00202e48          --   Gb  - Linker created -
Region$$Table$$Limit    0x00202e6c          --   Gb  - Linker created -
SDRAM_Init              0x00201d29   0xb4  Code  Gb  sdram.o [1]
SDRAM_Initialization_sequence
                        0x00201ddd   0xb0  Code  Gb  sdram.o [1]
SDRAM_MspInit           0x00201e8d  0x1a6  Code  Wk  sdram.o [1]
SysTick_Config          0x00200a7b   0x2e  Code  Lc  stm32f7xx_hal_cortex.o [1]
SysTick_Handler         0x00202e0d    0x8  Code  Gb  stm32f7xx_it.o [1]
SystemCoreClock         0x2001008c    0x4  Data  Gb  system_stm32f7xx.o [1]
SystemInit              0x00202c75   0x4c  Code  Gb  system_stm32f7xx.o [1]
Timing                  0x20010280   0x1c  Data  Lc  sdram.o [1]
UsageFault_Handler      0x00202e09    0x2  Code  Gb  stm32f7xx_it.o [1]
_Rand_idx               0x20010008    0x4  Data  Lc  rand.o [3]
_Rand_rv                0x2001000c   0x80  Data  Lc  rand.o [3]
_Randinit               0x20010000    0x1  Data  Gb  rand.o [3]
_Randseed               0x20010004    0x4  Data  Gb  rand.o [3]
__aeabi_d2uiz           0x00202a99         Code  Gb  DblToI32.o [4]
__aeabi_dmul            0x002028f5         Code  Gb  DblMul.o [4]
__aeabi_f2d             0x002028a5         Code  Gb  FltToDbl.o [4]
__aeabi_memset          0x0020283d         Code  Gb  ABImemset.o [5]
__cmain                 0x00202e6d         Code  Gb  cmain.o [5]
__exit                  0x00202e9d   0x14  Code  Gb  exit.o [6]
__iar_Memset            0x0020283d         Code  Gb  ABImemset.o [5]
__iar_Memset_word       0x00202845         Code  Gb  ABImemset.o [5]
__iar_copy_init3        0x00202dab   0x2c  Code  Gb  copy_init3.o [5]
__iar_d2uiz             0x00202aa5         Code  Gb  DblToI32.o [4]
__iar_data_init3        0x00202dd9   0x28  Code  Gb  data_init.o [5]
__iar_dlib_perthread_access
                        0x00202d69    0x2  Code  Gb  xtls.o [3]
__iar_init_vfp          0x00202e25         Code  Gb  fpinit_M.o [4]
__iar_program_start     0x00202ed1         Code  Gb  cstartup_M.o [5]
__iar_unaligned___aeabi_memcpy4
                        0x00201a8d         Code  Gb  ABImemcpy_unaligned.o [5]
__iar_unaligned___aeabi_memcpy8
                        0x00201a8d         Code  Gb  ABImemcpy_unaligned.o [5]
__iar_zero_init3        0x00202d6b   0x40  Code  Gb  zero_init3.o [5]
__low_level_init        0x00202e87    0x4  Code  Gb  low_level_init.o [3]
__vector_table          0x00200000         Data  Gb  startup_stm32f746xx.o [1]
_call_main              0x00202e79         Code  Gb  cmain.o [5]
_exit                   0x00202e91         Code  Gb  cexit.o [5]
_main                   0x00202e83         Code  Gb  cmain.o [5]
abs                     0x00202ac5    0x8  Code  Gb  abs.o [3]
exit                    0x00202e8b    0x4  Code  Gb  exit.o [3]
hltdc                   0x20010090   0xa8  Data  Gb  ltdc.o [1]
i                       0x200102ac    0x4  Data  Gb  main.o [1]
layer_prop              0x20010250   0x30  Data  Gb  LCD.o [1]
main                    0x00202ce1   0x62  Code  Gb  main.o [1]
sdramHandle             0x2001021c   0x34  Data  Gb  sdram.o [1]
srand                   0x00202d49   0x20  Code  Gb  srand.o [3]
uwTick                  0x200102b0    0x4  Data  Gb  stm32f7xx_hal.o [1]


[1] = C:\embedded\F7 projects\LCD_SDRAM\Debug\Obj
[2] = command line
[3] = dl7M_tln.a
[4] = m7M_tls.a
[5] = rt7M_tl.a
[6] = shb_l.a

  12 334 bytes of readonly  code memory
     206 bytes of readonly  data memory
   8 884 bytes of readwrite data memory

Errors: none
Warnings: none
