###############################################################################
#
# IAR ELF Linker V7.50.3.10732/W32 for ARM                13/May/2017  11:08:08
# Copyright 2007-2016 IAR Systems AB.
#
#    Output file  =  
#        C:\embedded\F4
#        projects\STM32F4_UVC_Camera-master\iar_uvc_mjpeg_static\iar_uvc_mjpeg\EWARM\Demo\Exe\STM32F4-Discovery_Demo.out
#    Map file     =  
#        C:\embedded\F4
#        projects\STM32F4_UVC_Camera-master\iar_uvc_mjpeg_static\iar_uvc_mjpeg\EWARM\Demo\List\STM32F4-Discovery_Demo.map
#    Command line =  
#        "C:\embedded\F4
#        projects\STM32F4_UVC_Camera-master\iar_uvc_mjpeg_static\iar_uvc_mjpeg\EWARM\Demo\Obj\jprocess.o"
#        "C:\embedded\F4
#        projects\STM32F4_UVC_Camera-master\iar_uvc_mjpeg_static\iar_uvc_mjpeg\EWARM\Demo\Obj\main.o"
#        "C:\embedded\F4
#        projects\STM32F4_UVC_Camera-master\iar_uvc_mjpeg_static\iar_uvc_mjpeg\EWARM\Demo\Obj\misc.o"
#        "C:\embedded\F4
#        projects\STM32F4_UVC_Camera-master\iar_uvc_mjpeg_static\iar_uvc_mjpeg\EWARM\Demo\Obj\startup_stm32f4xx.o"
#        "C:\embedded\F4
#        projects\STM32F4_UVC_Camera-master\iar_uvc_mjpeg_static\iar_uvc_mjpeg\EWARM\Demo\Obj\stm32f4_discovery.o"
#        "C:\embedded\F4
#        projects\STM32F4_UVC_Camera-master\iar_uvc_mjpeg_static\iar_uvc_mjpeg\EWARM\Demo\Obj\stm32f4xx_adc.o"
#        "C:\embedded\F4
#        projects\STM32F4_UVC_Camera-master\iar_uvc_mjpeg_static\iar_uvc_mjpeg\EWARM\Demo\Obj\stm32f4xx_dac.o"
#        "C:\embedded\F4
#        projects\STM32F4_UVC_Camera-master\iar_uvc_mjpeg_static\iar_uvc_mjpeg\EWARM\Demo\Obj\stm32f4xx_dma.o"
#        "C:\embedded\F4
#        projects\STM32F4_UVC_Camera-master\iar_uvc_mjpeg_static\iar_uvc_mjpeg\EWARM\Demo\Obj\stm32f4xx_exti.o"
#        "C:\embedded\F4
#        projects\STM32F4_UVC_Camera-master\iar_uvc_mjpeg_static\iar_uvc_mjpeg\EWARM\Demo\Obj\stm32f4xx_flash.o"
#        "C:\embedded\F4
#        projects\STM32F4_UVC_Camera-master\iar_uvc_mjpeg_static\iar_uvc_mjpeg\EWARM\Demo\Obj\stm32f4xx_gpio.o"
#        "C:\embedded\F4
#        projects\STM32F4_UVC_Camera-master\iar_uvc_mjpeg_static\iar_uvc_mjpeg\EWARM\Demo\Obj\stm32f4xx_i2c.o"
#        "C:\embedded\F4
#        projects\STM32F4_UVC_Camera-master\iar_uvc_mjpeg_static\iar_uvc_mjpeg\EWARM\Demo\Obj\stm32f4xx_it.o"
#        "C:\embedded\F4
#        projects\STM32F4_UVC_Camera-master\iar_uvc_mjpeg_static\iar_uvc_mjpeg\EWARM\Demo\Obj\stm32f4xx_rcc.o"
#        "C:\embedded\F4
#        projects\STM32F4_UVC_Camera-master\iar_uvc_mjpeg_static\iar_uvc_mjpeg\EWARM\Demo\Obj\stm32f4xx_spi.o"
#        "C:\embedded\F4
#        projects\STM32F4_UVC_Camera-master\iar_uvc_mjpeg_static\iar_uvc_mjpeg\EWARM\Demo\Obj\stm32f4xx_syscfg.o"
#        "C:\embedded\F4
#        projects\STM32F4_UVC_Camera-master\iar_uvc_mjpeg_static\iar_uvc_mjpeg\EWARM\Demo\Obj\stm32f4xx_tim.o"
#        "C:\embedded\F4
#        projects\STM32F4_UVC_Camera-master\iar_uvc_mjpeg_static\iar_uvc_mjpeg\EWARM\Demo\Obj\system_stm32f4xx.o"
#        "C:\embedded\F4
#        projects\STM32F4_UVC_Camera-master\iar_uvc_mjpeg_static\iar_uvc_mjpeg\EWARM\Demo\Obj\usb_bsp.o"
#        "C:\embedded\F4
#        projects\STM32F4_UVC_Camera-master\iar_uvc_mjpeg_static\iar_uvc_mjpeg\EWARM\Demo\Obj\usb_core.o"
#        "C:\embedded\F4
#        projects\STM32F4_UVC_Camera-master\iar_uvc_mjpeg_static\iar_uvc_mjpeg\EWARM\Demo\Obj\usb_dcd.o"
#        "C:\embedded\F4
#        projects\STM32F4_UVC_Camera-master\iar_uvc_mjpeg_static\iar_uvc_mjpeg\EWARM\Demo\Obj\usb_dcd_int.o"
#        "C:\embedded\F4
#        projects\STM32F4_UVC_Camera-master\iar_uvc_mjpeg_static\iar_uvc_mjpeg\EWARM\Demo\Obj\usbd_core.o"
#        "C:\embedded\F4
#        projects\STM32F4_UVC_Camera-master\iar_uvc_mjpeg_static\iar_uvc_mjpeg\EWARM\Demo\Obj\usbd_desc.o"
#        "C:\embedded\F4
#        projects\STM32F4_UVC_Camera-master\iar_uvc_mjpeg_static\iar_uvc_mjpeg\EWARM\Demo\Obj\usbd_ioreq.o"
#        "C:\embedded\F4
#        projects\STM32F4_UVC_Camera-master\iar_uvc_mjpeg_static\iar_uvc_mjpeg\EWARM\Demo\Obj\usbd_req.o"
#        "C:\embedded\F4
#        projects\STM32F4_UVC_Camera-master\iar_uvc_mjpeg_static\iar_uvc_mjpeg\EWARM\Demo\Obj\usbd_usr.o"
#        "C:\embedded\F4
#        projects\STM32F4_UVC_Camera-master\iar_uvc_mjpeg_static\iar_uvc_mjpeg\EWARM\Demo\Obj\usbd_video_core.o"
#        --redirect _Printf=_PrintfFull --redirect _Scanf=_ScanfFull -o
#        "C:\embedded\F4
#        projects\STM32F4_UVC_Camera-master\iar_uvc_mjpeg_static\iar_uvc_mjpeg\EWARM\Demo\Exe\STM32F4-Discovery_Demo.out"
#        --map "C:\embedded\F4
#        projects\STM32F4_UVC_Camera-master\iar_uvc_mjpeg_static\iar_uvc_mjpeg\EWARM\Demo\List\STM32F4-Discovery_Demo.map"
#        --config "C:\embedded\F4
#        projects\STM32F4_UVC_Camera-master\iar_uvc_mjpeg_static\iar_uvc_mjpeg\EWARM\stm32f40x_flash.icf"
#        --semihosting --entry __iar_program_start --vfe
#
###############################################################################

*******************************************************************************
*** RUNTIME MODEL ATTRIBUTES
***

CppFlavor       = *
__SystemLibrary = DLib


*******************************************************************************
*** PLACEMENT SUMMARY
***

"A1":  place at 0x08000000 { ro section .intvec };
"P1":  place in [from 0x08000000 to 0x080fffff] { ro };
"P2":  place in [from 0x20000000 to 0x20020000] { rw, block CSTACK, block HEAP };
"P3":  place in [from 0x10000000 to 0x1000ffff] { section .ccmram };

  Section             Kind        Address     Size  Object
  -------             ----        -------     ----  ------
"A1":                                        0x188
  .intvec             ro code  0x08000000    0x188  startup_stm32f4xx.o [1]
                             - 0x08000188    0x188

"P1":                                      0x1787c
  .text               ro code  0x08000188  0x13f98  jprocess.o [1]
  .text               ro code  0x08014120    0x8d8  usb_core.o [1]
  .text               ro code  0x080149f8    0x104  usb_bsp.o [1]
  .text               ro code  0x08014afc     0xec  stm32f4xx_rcc.o [1]
  .text               ro code  0x08014be8     0x9a  stm32f4xx_gpio.o [1]
  .text               ro code  0x08014c82     0x76  lz77_init_single.o [5]
  .text               ro code  0x08014cf8     0x78  stm32f4xx_exti.o [1]
  .text               ro code  0x08014d70     0x7c  misc.o [1]
  .text               ro code  0x08014dec    0x4ec  usbd_req.o [1]
  .text               ro code  0x080152d8    0x29a  usb_dcd.o [1]
  .text               ro code  0x08015572     0xac  usbd_ioreq.o [1]
  .text               ro code  0x08015620    0x294  usbd_core.o [1]
  .text               ro code  0x080158b4    0x490  usb_dcd_int.o [1]
  .text               ro code  0x08015d44    0x462  xsin.o [4]
  .text               ro code  0x080161a8    0x1a2  DblMul.o [4]
  .text               ro code  0x0801634c     0x2e  DblCmpLe.o [4]
  .text               ro code  0x0801637c     0x2e  DblCmpGe.o [4]
  .text               ro code  0x080163ac     0xe8  DblAdd.o [4]
  .text               ro code  0x08016494     0x4c  DblToI32.o [4]
  .text               ro code  0x080164e0     0x2c  I32ToDbl.o [4]
  .text               ro code  0x0801650c    0x180  DblSub.o [4]
  .text               ro code  0x0801668c      0xc  errno.o [3]
  .text               ro code  0x08016698    0x168  xquad.o [4]
  .text               ro code  0x08016800      0x2  xtls.o [3]
  .text               ro code  0x08016802     0x7a  xdint.o [4]
  .text               ro code  0x0801687c     0x20  DblCmpEq.o [4]
  .text               ro code  0x0801689c    0x1a8  fmod.o [4]
  .text               ro code  0x08016a44      0xc  iarEdom.o [5]
  .text               ro code  0x08016a50    0x278  usbd_video_core.o [1]
  .text               ro code  0x08016cc8    0x151  stm32f4_discovery.o [1]
  .text               ro code  0x08016e1c     0x28  stm32f4xx_syscfg.o [1]
  .text               ro code  0x08016e44    0x1c8  main.o [1]
  .text               ro code  0x0801700c    0x120  usbd_desc.o [1]
  .text               ro code  0x0801712c     0xfc  system_stm32f4xx.o [1]
  .text               ro code  0x08017228     0x60  stm32f4xx_it.o [1]
  .text               ro code  0x08017288     0x40  usbd_usr.o [1]
  .text               ro code  0x080172c8     0x40  zero_init3.o [5]
  .text               ro code  0x08017308     0x28  data_init.o [5]
  .text               ro code  0x08017330     0x22  fpinit_M.o [4]
  .iar.init_table     const    0x08017354     0x28  - Linker created -
  .text               ro code  0x0801737c     0x1a  cmain.o [5]
  .text               ro code  0x08017396      0x4  low_level_init.o [3]
  .text               ro code  0x0801739a      0x4  exit.o [3]
  .text               ro code  0x080173a0      0xa  cexit.o [5]
  .text               ro code  0x080173ac     0x14  exit.o [6]
  .text               ro code  0x080173c0     0x10  startup_stm32f4xx.o [1]
  .text               ro code  0x080173d0      0xc  cstartup_M.o [5]
  .text               ro code  0x080173dc      0x4  startup_stm32f4xx.o [1]
  .text               ro code  0x080173e0      0x4  startup_stm32f4xx.o [1]
  .text               ro code  0x080173e4      0x4  startup_stm32f4xx.o [1]
  .text               ro code  0x080173e8      0x4  startup_stm32f4xx.o [1]
  .text               ro code  0x080173ec      0x4  startup_stm32f4xx.o [1]
  .text               ro code  0x080173f0      0x4  startup_stm32f4xx.o [1]
  .text               ro code  0x080173f4      0x4  startup_stm32f4xx.o [1]
  .text               ro code  0x080173f8      0x4  startup_stm32f4xx.o [1]
  .text               ro code  0x080173fc      0x4  startup_stm32f4xx.o [1]
  .text               ro code  0x08017400      0x4  startup_stm32f4xx.o [1]
  .text               ro code  0x08017404      0x4  startup_stm32f4xx.o [1]
  .text               ro code  0x08017408      0x4  startup_stm32f4xx.o [1]
  .text               ro code  0x0801740c      0x4  startup_stm32f4xx.o [1]
  .text               ro code  0x08017410      0x4  startup_stm32f4xx.o [1]
  .text               ro code  0x08017414      0x4  startup_stm32f4xx.o [1]
  .text               ro code  0x08017418      0x4  startup_stm32f4xx.o [1]
  .text               ro code  0x0801741c      0x4  startup_stm32f4xx.o [1]
  .text               ro code  0x08017420      0x4  startup_stm32f4xx.o [1]
  .text               ro code  0x08017424      0x4  startup_stm32f4xx.o [1]
  .text               ro code  0x08017428      0x4  startup_stm32f4xx.o [1]
  .text               ro code  0x0801742c      0x4  startup_stm32f4xx.o [1]
  .text               ro code  0x08017430      0x4  startup_stm32f4xx.o [1]
  .text               ro code  0x08017434      0x4  startup_stm32f4xx.o [1]
  .text               ro code  0x08017438      0x4  startup_stm32f4xx.o [1]
  .text               ro code  0x0801743c      0x4  startup_stm32f4xx.o [1]
  .text               ro code  0x08017440      0x4  startup_stm32f4xx.o [1]
  .text               ro code  0x08017444      0x4  startup_stm32f4xx.o [1]
  .text               ro code  0x08017448      0x4  startup_stm32f4xx.o [1]
  .text               ro code  0x0801744c      0x4  startup_stm32f4xx.o [1]
  .text               ro code  0x08017450      0x4  startup_stm32f4xx.o [1]
  .text               ro code  0x08017454      0x4  startup_stm32f4xx.o [1]
  .text               ro code  0x08017458      0x4  startup_stm32f4xx.o [1]
  .text               ro code  0x0801745c      0x4  startup_stm32f4xx.o [1]
  .text               ro code  0x08017460      0x4  startup_stm32f4xx.o [1]
  .text               ro code  0x08017464      0x4  startup_stm32f4xx.o [1]
  .text               ro code  0x08017468      0x4  startup_stm32f4xx.o [1]
  .text               ro code  0x0801746c      0x4  startup_stm32f4xx.o [1]
  .text               ro code  0x08017470      0x4  startup_stm32f4xx.o [1]
  .text               ro code  0x08017474      0x4  startup_stm32f4xx.o [1]
  .text               ro code  0x08017478      0x4  startup_stm32f4xx.o [1]
  .text               ro code  0x0801747c      0x4  startup_stm32f4xx.o [1]
  .text               ro code  0x08017480      0x4  startup_stm32f4xx.o [1]
  .text               ro code  0x08017484      0x4  startup_stm32f4xx.o [1]
  .text               ro code  0x08017488      0x4  startup_stm32f4xx.o [1]
  .text               ro code  0x0801748c      0x4  startup_stm32f4xx.o [1]
  .text               ro code  0x08017490      0x4  startup_stm32f4xx.o [1]
  .text               ro code  0x08017494      0x4  startup_stm32f4xx.o [1]
  .text               ro code  0x08017498      0x4  startup_stm32f4xx.o [1]
  .text               ro code  0x0801749c      0x4  startup_stm32f4xx.o [1]
  .text               ro code  0x080174a0      0x4  startup_stm32f4xx.o [1]
  .text               ro code  0x080174a4      0x4  startup_stm32f4xx.o [1]
  .text               ro code  0x080174a8      0x4  startup_stm32f4xx.o [1]
  .text               ro code  0x080174ac      0x4  startup_stm32f4xx.o [1]
  .text               ro code  0x080174b0      0x4  startup_stm32f4xx.o [1]
  .text               ro code  0x080174b4      0x4  startup_stm32f4xx.o [1]
  .text               ro code  0x080174b8      0x4  startup_stm32f4xx.o [1]
  .text               ro code  0x080174bc      0x4  startup_stm32f4xx.o [1]
  .text               ro code  0x080174c0      0x4  startup_stm32f4xx.o [1]
  .text               ro code  0x080174c4      0x4  startup_stm32f4xx.o [1]
  .text               ro code  0x080174c8      0x4  startup_stm32f4xx.o [1]
  .text               ro code  0x080174cc      0x4  startup_stm32f4xx.o [1]
  .text               ro code  0x080174d0      0x4  startup_stm32f4xx.o [1]
  .text               ro code  0x080174d4      0x4  startup_stm32f4xx.o [1]
  .text               ro code  0x080174d8      0x4  startup_stm32f4xx.o [1]
  .text               ro code  0x080174dc      0x4  startup_stm32f4xx.o [1]
  .text               ro code  0x080174e0      0x4  startup_stm32f4xx.o [1]
  .text               ro code  0x080174e4      0x4  startup_stm32f4xx.o [1]
  .text               ro code  0x080174e8      0x4  startup_stm32f4xx.o [1]
  .text               ro code  0x080174ec      0x4  startup_stm32f4xx.o [1]
  .text               ro code  0x080174f0      0x4  startup_stm32f4xx.o [1]
  .text               ro code  0x080174f4      0x4  startup_stm32f4xx.o [1]
  .text               ro code  0x080174f8      0x4  startup_stm32f4xx.o [1]
  .text               ro code  0x080174fc      0x4  startup_stm32f4xx.o [1]
  .text               ro code  0x08017500      0x4  startup_stm32f4xx.o [1]
  .text               ro code  0x08017504      0x4  startup_stm32f4xx.o [1]
  .text               ro code  0x08017508      0x4  startup_stm32f4xx.o [1]
  .text               ro code  0x0801750c      0x4  startup_stm32f4xx.o [1]
  .text               ro code  0x08017510      0x4  startup_stm32f4xx.o [1]
  .text               ro code  0x08017514      0x4  startup_stm32f4xx.o [1]
  .text               ro code  0x08017518      0x4  startup_stm32f4xx.o [1]
  .text               ro code  0x0801751c      0x4  startup_stm32f4xx.o [1]
  .text               ro code  0x08017520      0x4  startup_stm32f4xx.o [1]
  .text               ro code  0x08017524      0x4  startup_stm32f4xx.o [1]
  .text               ro code  0x08017528      0x4  startup_stm32f4xx.o [1]
  .text               ro code  0x0801752c      0x4  startup_stm32f4xx.o [1]
  .text               ro code  0x08017530      0x4  startup_stm32f4xx.o [1]
  .text               ro code  0x08017534      0x4  startup_stm32f4xx.o [1]
  .text               ro code  0x08017538      0x4  startup_stm32f4xx.o [1]
  .text               ro code  0x0801753c      0x4  startup_stm32f4xx.o [1]
  .text               ro code  0x08017540      0x4  startup_stm32f4xx.o [1]
  .text               ro code  0x08017544      0x4  startup_stm32f4xx.o [1]
  .rodata             const    0x08017548      0x0  zero_init3.o [5]
  .rodata             const    0x08017548      0x0  lz77_init_single.o [5]
  Initializer bytes   const    0x08017548    0x4bc  <for P2-1>
                             - 0x08017a04  0x1787c

"P3":                                       0xfa00
  .ccmram             zero     0x10000000   0xfa00  jprocess.o [1]
                             - 0x1000fa00   0xfa00

"P2", part 1 of 3:                         0x13810
  P2-1                         0x20000000  0x13810  <Init block>
    .data             inited   0x20000000  0x13214  main.o [1]
    .data             inited   0x20013214    0x418  jprocess.o [1]
    .data             inited   0x2001362c     0x10  stm32f4_discovery.o [1]
    .data             inited   0x2001363c      0x4  stm32f4_discovery.o [1]
    .data             inited   0x20013640     0x10  stm32f4xx_rcc.o [1]
    .data             inited   0x20013650     0x14  system_stm32f4xx.o [1]
    .data             inited   0x20013664     0x2c  usbd_core.o [1]
    .data             inited   0x20013690      0x4  usbd_core.o [1]
    .data             inited   0x20013694     0x1c  usbd_desc.o [1]
    .data             inited   0x200136b0     0x14  usbd_desc.o [1]
    .data             inited   0x200136c4      0x4  usbd_desc.o [1]
    .data             inited   0x200136c8     0x1c  usbd_usr.o [1]
    .data             inited   0x200136e4     0xfc  usbd_video_core.o [1]
    .data             inited   0x200137e0     0x2c  usbd_video_core.o [1]
    __DLIB_PERTHREAD  inited   0x2001380c      0x4  errno.o [3]
                             - 0x20013810  0x13810

"P2", part 2 of 3:                           0x400
  CSTACK                       0x20013810    0x400  <Block>
    CSTACK            uninit   0x20013810    0x400  <Block tail>
                             - 0x20013c10    0x400

"P2", part 3 of 3:                            0xe0
  .bss                zero     0x20013c10     0xc8  usbd_req.o [1]
  .bss                zero     0x20013cd8      0xc  usbd_req.o [1]
  .bss                zero     0x20013ce4      0x4  usbd_core.o [1]
  .bss                zero     0x20013ce8      0x4  usbd_req.o [1]
  .bss                zero     0x20013cec      0x1  main.o [1]
  .bss                zero     0x20013ced      0x1  stm32f4xx_it.o [1]
                             - 0x20013cee     0xde


*******************************************************************************
*** INIT TABLE
***

          Address     Size
          -------     ----
Zero (__iar_zero_init3)
    2 destination ranges, total size 0xfade:
          0x10000000   0xfa00
          0x20013c10     0xde

Copy/lz77 (__iar_lz77_init_single3)
    1 source range, total size 0x4bc (1% of destination):
          0x08017548    0x4bc
    1 destination range, total size 0x13810:
          0x20000000  0x13810



*******************************************************************************
*** MODULE SUMMARY
***

    Module               ro code  ro data  rw data
    ------               -------  -------  -------
C:\embedded\F4 projects\STM32F4_UVC_Camera-master\iar_uvc_mjpeg_static\iar_uvc_mjpeg\EWARM\Demo\Obj: [1]
    jprocess.o            81 816       16   65 048
    main.o                   456    1 188   78 357
    misc.o                   124
    startup_stm32f4xx.o      772
    stm32f4_discovery.o      337                20
    stm32f4xx_exti.o         120
    stm32f4xx_gpio.o         154
    stm32f4xx_it.o            96                 1
    stm32f4xx_rcc.o          236        1       16
    stm32f4xx_syscfg.o        40
    system_stm32f4xx.o       252                20
    usb_bsp.o                260
    usb_core.o             2 264
    usb_dcd.o                666
    usb_dcd_int.o          1 168
    usbd_core.o              660        1       52
    usbd_desc.o              288        1       52
    usbd_ioreq.o             172
    usbd_req.o             1 260               216
    usbd_usr.o                64                28
    usbd_video_core.o        632        4      296
    ----------------------------------------------
    Total:                91 837    1 211  144 106

command line: [2]
    ----------------------------------------------
    Total:

dl7M_tlf.a: [3]
    errno.o                   12        1        4
    exit.o                     4
    low_level_init.o           4
    xtls.o                     2
    ----------------------------------------------
    Total:                    22        1        4

m7M_tls.a: [4]
    DblAdd.o                 232
    DblCmpEq.o                32
    DblCmpGe.o                46
    DblCmpLe.o                46
    DblMul.o                 418
    DblSub.o                 384
    DblToI32.o                76
    I32ToDbl.o                44
    fmod.o                   424
    fpinit_M.o                34
    xdint.o                  122
    xquad.o                  360
    xsin.o                 1 122
    ----------------------------------------------
    Total:                 3 340

rt7M_tl.a: [5]
    cexit.o                   10
    cmain.o                   26
    cstartup_M.o              12
    data_init.o               40
    iarEdom.o                 12
    lz77_init_single.o       118
    zero_init3.o              64
    ----------------------------------------------
    Total:                   282

shb_l.a: [6]
    exit.o                    20
    ----------------------------------------------
    Total:                    20

    Gaps                      17        2
    Linker created                     40    1 024
--------------------------------------------------
    Grand Total:          95 518    1 254  145 134


*******************************************************************************
*** ENTRY LIST
***

Entry                      Address     Size  Type      Object
-----                      -------     ----  ----      ------
.iar.init_table$$Base   0x08017354            --   Gb  - Linker created -
.iar.init_table$$Limit  0x0801737c            --   Gb  - Linker created -
?main                   0x0801737d           Code  Gb  cmain.o [5]
AHBPrescTable           0x20013654     0x10  Data  Gb  system_stm32f4xx.o [1]
APBAHBPrescTable        0x20013640     0x10  Data  Lc  stm32f4xx_rcc.o [1]
BUTTON_CLK              0x08016e08      0x4  Data  Gb  stm32f4_discovery.o [1]
BUTTON_EXTI_LINE        0x08016e0c      0x2  Data  Gb  stm32f4_discovery.o [1]
BUTTON_IRQn             0x08016e18      0x1  Data  Gb  stm32f4_discovery.o [1]
BUTTON_PIN              0x08016e04      0x2  Data  Gb  stm32f4_discovery.o [1]
BUTTON_PIN_SOURCE       0x08016e14      0x1  Data  Gb  stm32f4_discovery.o [1]
BUTTON_PORT             0x2001363c      0x4  Data  Gb  stm32f4_discovery.o [1]
BUTTON_PORT_SOURCE      0x08016e10      0x1  Data  Gb  stm32f4_discovery.o [1]
BusFault_Handler        0x0801722f      0x2  Code  Gb  stm32f4xx_it.o [1]
CSTACK$$Base            0x20013810            --   Gb  - Linker created -
CSTACK$$Limit           0x20013c10            --   Gb  - Linker created -
DCD_EP_Close            0x08015405     0x32  Code  Gb  usb_dcd.o [1]
DCD_EP_ClrStall         0x08015503     0x40  Code  Gb  usb_dcd.o [1]
DCD_EP_Flush            0x08015543     0x20  Code  Gb  usb_dcd.o [1]
DCD_EP_Open             0x080153bf     0x46  Code  Gb  usb_dcd.o [1]
DCD_EP_PrepareRx        0x08015437     0x48  Code  Gb  usb_dcd.o [1]
DCD_EP_SetAddress       0x08015563     0x10  Code  Gb  usb_dcd.o [1]
DCD_EP_Stall            0x080154c3     0x40  Code  Gb  usb_dcd.o [1]
DCD_EP_Tx               0x0801547f     0x44  Code  Gb  usb_dcd.o [1]
DCD_HandleInEP_ISR      0x08015b35     0xd6  Code  Lc  usb_dcd_int.o [1]
DCD_HandleOutEP_ISR     0x08015c0b     0xa8  Code  Lc  usb_dcd_int.o [1]
DCD_Init                0x080152d9     0xe6  Code  Gb  usb_dcd.o [1]
DCD_WriteEmptyTxFifo    0x08015cbd     0x88  Code  Lc  usb_dcd_int.o [1]
DebugMon_Handler        0x08017235      0x2  Code  Gb  stm32f4xx_it.o [1]
EXTI0_IRQHandler        0x08017241      0xa  Code  Gb  stm32f4xx_it.o [1]
EXTI_ClearITPendingBit  0x08014d63      0x6  Code  Gb  stm32f4xx_exti.o [1]
EXTI_Init               0x08014cf9     0x6a  Code  Gb  stm32f4xx_exti.o [1]
GPIO_CLK                0x08016df4     0x10  Data  Gb  stm32f4_discovery.o [1]
GPIO_Init               0x08014be9     0x72  Code  Gb  stm32f4xx_gpio.o [1]
GPIO_PIN                0x08016dec      0x8  Data  Gb  stm32f4_discovery.o [1]
GPIO_PORT               0x2001362c     0x10  Data  Gb  stm32f4_discovery.o [1]
GPIO_PinAFConfig        0x08014c5b     0x28  Code  Gb  stm32f4xx_gpio.o [1]
HardFault_Handler       0x0801722b      0x2  Code  Gb  stm32f4xx_it.o [1]
JHEADER_2               0x08000fc4     0xfc  Data  Lc  jprocess.o [1]
JHEADER_Q               0x08000f44     0x40  Data  Lc  jprocess.o [1]
LastDC                  0x20013628      0x4  Data  Lc  jprocess.o [1]
MemManage_Handler       0x0801722d      0x2  Code  Gb  stm32f4xx_it.o [1]
NMI_Handler             0x08017229      0x2  Code  Gb  stm32f4xx_it.o [1]
NVIC_Init               0x08014d7b     0x5c  Code  Gb  misc.o [1]
NVIC_PriorityGroupConfig
                        0x08014d71      0xa  Code  Gb  misc.o [1]
OTG_FS_IRQHandler       0x08017273      0x6  Code  Gb  stm32f4xx_it.o [1]
OTG_FS_WKUP_IRQHandler  0x0801724b     0x28  Code  Gb  stm32f4xx_it.o [1]
PendSV_Handler          0x08017237      0x2  Code  Gb  stm32f4xx_it.o [1]
RCC_AHB1PeriphClockCmd  0x08014b81     0x12  Code  Gb  stm32f4xx_rcc.o [1]
RCC_AHB2PeriphClockCmd  0x08014b93     0x12  Code  Gb  stm32f4xx_rcc.o [1]
RCC_APB1PeriphResetCmd  0x08014bb7     0x12  Code  Gb  stm32f4xx_rcc.o [1]
RCC_APB2PeriphClockCmd  0x08014ba5     0x12  Code  Gb  stm32f4xx_rcc.o [1]
RCC_GetClocksFreq       0x08014afd     0x84  Code  Gb  stm32f4xx_rcc.o [1]
Region$$Table$$Base     0x08017354            --   Gb  - Linker created -
Region$$Table$$Limit    0x0801737c            --   Gb  - Linker created -
SET_TEST_MODE           0x20013ce4      0x4  Data  Gb  usbd_core.o [1]
STM_EVAL_LEDInit        0x08016cc9     0x46  Code  Gb  stm32f4_discovery.o [1]
STM_EVAL_LEDOff         0x08016d21     0x12  Code  Gb  stm32f4_discovery.o [1]
STM_EVAL_LEDOn          0x08016d0f     0x12  Code  Gb  stm32f4_discovery.o [1]
STM_EVAL_LEDToggle      0x08016d33     0x16  Code  Gb  stm32f4_discovery.o [1]
STM_EVAL_PBInit         0x08016d49     0x9a  Code  Gb  stm32f4_discovery.o [1]
SVC_Handler             0x08017233      0x2  Code  Gb  stm32f4xx_it.o [1]
SYSCFG_EXTILineConfig   0x08016e1d     0x24  Code  Gb  stm32f4xx_syscfg.o [1]
SysTick_Handler         0x08017239      0x8  Code  Gb  stm32f4xx_it.o [1]
SystemCoreClock         0x20013650      0x4  Data  Gb  system_stm32f4xx.o [1]
SystemInit              0x0801712d     0xe0  Code  Gb  system_stm32f4xx.o [1]
USBD_ClrCfg             0x0801587f     0x12  Code  Gb  usbd_core.o [1]
USBD_CtlContinueRx      0x080155cb     0x14  Code  Gb  usbd_ioreq.o [1]
USBD_CtlContinueSendData
                        0x08015595     0x14  Code  Gb  usbd_ioreq.o [1]
USBD_CtlError           0x08015227     0x1c  Code  Gb  usbd_req.o [1]
USBD_CtlPrepareRx       0x080155a9     0x22  Code  Gb  usbd_ioreq.o [1]
USBD_CtlReceiveStatus   0x080155ff     0x20  Code  Gb  usbd_ioreq.o [1]
USBD_CtlSendData        0x08015573     0x22  Code  Gb  usbd_ioreq.o [1]
USBD_CtlSendStatus      0x080155df     0x20  Code  Gb  usbd_ioreq.o [1]
USBD_DCD_INT_cb         0x20013664     0x2c  Data  Gb  usbd_core.o [1]
USBD_DCD_INT_fops       0x20013690      0x4  Data  Gb  usbd_core.o [1]
USBD_DataInStage        0x0801572f     0xb2  Code  Lc  usbd_core.o [1]
USBD_DataOutStage       0x080156b7     0x78  Code  Lc  usbd_core.o [1]
USBD_DeviceDesc         0x200136b0     0x14  Data  Gb  usbd_desc.o [1]
USBD_GetDescriptor      0x080150ed     0xf6  Code  Lc  usbd_req.o [1]
USBD_GetString          0x08015243     0x96  Code  Gb  usbd_req.o [1]
USBD_Init               0x08015621     0x3a  Code  Gb  usbd_core.o [1]
USBD_IsoINIncomplete    0x08015891     0x12  Code  Lc  usbd_core.o [1]
USBD_IsoOUTIncomplete   0x080158a3     0x12  Code  Lc  usbd_core.o [1]
USBD_LangIDDesc         0x200136c4      0x4  Data  Gb  usbd_desc.o [1]
USBD_OTG_ISR_Handler    0x080158b5    0x27e  Code  Gb  usb_dcd_int.o [1]
USBD_ParseSetupRequest  0x080151e3     0x44  Code  Gb  usbd_req.o [1]
USBD_Reset              0x080157e5     0x2e  Code  Lc  usbd_core.o [1]
USBD_Resume             0x08015813     0x1e  Code  Lc  usbd_core.o [1]
USBD_SOF                0x08015851     0x16  Code  Lc  usbd_core.o [1]
USBD_SetCfg             0x08015867     0x18  Code  Gb  usbd_core.o [1]
USBD_SetupStage         0x0801565b     0x5c  Code  Lc  usbd_core.o [1]
USBD_StdDevReq          0x08014ded    0x1aa  Code  Gb  usbd_req.o [1]
USBD_StdEPReq           0x08014fe5     0xfc  Code  Gb  usbd_req.o [1]
USBD_StdItfReq          0x08014f97     0x4c  Code  Gb  usbd_req.o [1]
USBD_StrDesc            0x20013c10     0xc8  Data  Gb  usbd_req.o [1]
USBD_Suspend            0x08015831     0x20  Code  Lc  usbd_core.o [1]
USBD_USR_ConfigStrDescriptor
                        0x08017069     0x14  Code  Gb  usbd_desc.o [1]
USBD_USR_DeviceConfigured
                        0x080172bf      0x2  Code  Gb  usbd_usr.o [1]
USBD_USR_DeviceConnected
                        0x080172c1      0x2  Code  Gb  usbd_usr.o [1]
USBD_USR_DeviceDescriptor
                        0x0801700d      0x8  Code  Gb  usbd_desc.o [1]
USBD_USR_DeviceDisconnected
                        0x080172c3      0x2  Code  Gb  usbd_usr.o [1]
USBD_USR_DeviceReset    0x080172bd      0x2  Code  Gb  usbd_usr.o [1]
USBD_USR_DeviceResumed  0x080172c7      0x2  Code  Gb  usbd_usr.o [1]
USBD_USR_DeviceSuspended
                        0x080172c5      0x2  Code  Gb  usbd_usr.o [1]
USBD_USR_Init           0x08017289     0x2c  Code  Gb  usbd_usr.o [1]
USBD_USR_InterfaceStrDescriptor
                        0x0801707d     0x14  Code  Gb  usbd_desc.o [1]
USBD_USR_LangIDStrDescriptor
                        0x08017015      0x8  Code  Gb  usbd_desc.o [1]
USBD_USR_ManufacturerStrDescriptor
                        0x08017039     0x14  Code  Gb  usbd_desc.o [1]
USBD_USR_ProductStrDescriptor
                        0x0801701d     0x1c  Code  Gb  usbd_desc.o [1]
USBD_USR_SerialStrDescriptor
                        0x0801704d     0x1c  Code  Gb  usbd_desc.o [1]
USBD_cfg_status         0x20013cdc      0x4  Data  Gb  usbd_req.o [1]
USBD_default_cfg        0x20013ce0      0x4  Data  Gb  usbd_req.o [1]
USBD_ep_status          0x20013ce8      0x4  Data  Gb  usbd_req.o [1]
USBD_video_GetCfgDesc   0x08016c99      0x8  Code  Lc  usbd_video_core.o [1]
USB_OTG_BSP_EnableInterrupt
                        0x08014a9d     0x2e  Code  Gb  usb_bsp.o [1]
USB_OTG_BSP_Init        0x080149f9     0xa4  Code  Gb  usb_bsp.o [1]
USB_OTG_BSP_mDelay      0x08014ae1     0x14  Code  Gb  usb_bsp.o [1]
USB_OTG_BSP_uDelay      0x08014acb     0x16  Code  Gb  usb_bsp.o [1]
USB_OTG_CoreInit        0x08014347     0x76  Code  Gb  usb_core.o [1]
USB_OTG_CoreInitDev     0x08014493    0x15e  Code  Gb  usb_core.o [1]
USB_OTG_CoreReset       0x08014121     0x4c  Code  Lc  usb_core.o [1]
USB_OTG_DisableGlobalInt
                        0x080143cb      0xe  Code  Gb  usb_core.o [1]
USB_OTG_EP0Activate     0x0801461d     0x36  Code  Gb  usb_core.o [1]
USB_OTG_EP0StartXfer    0x0801482f     0xd8  Code  Gb  usb_core.o [1]
USB_OTG_EP0_OutStart    0x08014987     0x20  Code  Gb  usb_core.o [1]
USB_OTG_EPActivate      0x08014653     0x66  Code  Gb  usb_core.o [1]
USB_OTG_EPClearStall    0x08014937     0x28  Code  Gb  usb_core.o [1]
USB_OTG_EPDeactivate    0x080146b9     0x2c  Code  Gb  usb_core.o [1]
USB_OTG_EPSetStall      0x08014907     0x30  Code  Gb  usb_core.o [1]
USB_OTG_EPStartXfer     0x080146e5    0x14a  Code  Gb  usb_core.o [1]
USB_OTG_EnableGlobalInt
                        0x080143bd      0xe  Code  Gb  usb_core.o [1]
USB_OTG_FlushRxFifo     0x08014419     0x38  Code  Gb  usb_core.o [1]
USB_OTG_FlushTxFifo     0x080143d9     0x40  Code  Gb  usb_core.o [1]
USB_OTG_GetDeviceSpeed  0x080145f1     0x2a  Code  Gb  usb_core.o [1]
USB_OTG_IsDeviceMode    0x0801447b      0xe  Code  Gb  usb_core.o [1]
USB_OTG_ReadCoreItr     0x08014489      0xa  Code  Gb  usb_core.o [1]
USB_OTG_ReadDevAllInEPItr
                        0x0801497b      0xc  Code  Gb  usb_core.o [1]
USB_OTG_ReadDevAllOutEp_itr
                        0x0801495f      0xc  Code  Gb  usb_core.o [1]
USB_OTG_ReadDevOutEP_itr
                        0x0801496b     0x10  Code  Gb  usb_core.o [1]
USB_OTG_ReadPacket      0x0801419b     0x1e  Code  Gb  usb_core.o [1]
USB_OTG_SelectCore      0x080141b9    0x18e  Code  Gb  usb_core.o [1]
USB_OTG_SetCurrentMode  0x08014451     0x2a  Code  Gb  usb_core.o [1]
USB_OTG_UngateClock     0x080149a7     0x1c  Code  Gb  usb_core.o [1]
USB_OTG_WritePacket     0x0801416d     0x2e  Code  Gb  usb_core.o [1]
USB_OTG_dev             0x20012c20    0x5f4  Data  Gb  main.o [1]
USR_cb                  0x200136c8     0x1c  Data  Gb  usbd_usr.o [1]
USR_desc                0x20013694     0x1c  Data  Gb  usbd_desc.o [1]
UsageFault_Handler      0x08017231      0x2  Code  Gb  stm32f4xx_it.o [1]
UserButtonPressed       0x20013cec      0x1  Data  Gb  main.o [1]
VIDEO_cb                0x200137e0     0x2c  Data  Gb  usbd_video_core.o [1]
__aeabi_cdcmpeq         0x0801687d           Code  Gb  DblCmpEq.o [4]
__aeabi_cdcmple         0x0801634d           Code  Gb  DblCmpLe.o [4]
__aeabi_cdrcmple        0x0801637d           Code  Gb  DblCmpGe.o [4]
__aeabi_d2iz            0x08016495           Code  Gb  DblToI32.o [4]
__aeabi_dadd            0x080163ad           Code  Gb  DblAdd.o [4]
__aeabi_dmul            0x080161a9           Code  Gb  DblMul.o [4]
__aeabi_dsub            0x0801650d           Code  Gb  DblSub.o [4]
__aeabi_errno_addr      0x0801668d      0x6  Code  Gb  errno.o [3]
__aeabi_i2d             0x080164e1           Code  Gb  I32ToDbl.o [4]
__cmain                 0x0801737d           Code  Gb  cmain.o [5]
__exit                  0x080173ad     0x14  Code  Gb  exit.o [6]
__iar_Dint              0x08016803     0x7a  Code  Gb  xdint.o [4]
__iar_Errno             0x2001380c      0x4  Data  Gb  errno.o [3]
__iar_Quad              0x08016699    0x12c  Code  Gb  xquad.o [4]
__iar_Sin               0x08015d45    0x3b2  Code  Gb  xsin.o [4]
__iar_d2uiz             0x080164c1           Code  Gb  DblToI32.o [4]
__iar_dadd              0x080163c1           Code  Gb  DblAdd.o [4]
__iar_data_init3        0x08017309     0x28  Code  Gb  data_init.o [5]
__iar_dlib_perthread_access
                        0x08016801      0x2  Code  Gb  xtls.o [3]
__iar_dsub              0x08016521           Code  Gb  DblSub.o [4]
__iar_dsubStart         0x08016533           Code  Gb  DblSub.o [4]
__iar_edom              0x08016a45           Code  Gb  iarEdom.o [5]
__iar_fmod              0x0801689d           Code  Gb  fmod.o [4]
__iar_fmodl             0x0801689d           Code  Gb  fmod.o [4]
__iar_init_vfp          0x08017331           Code  Gb  fpinit_M.o [4]
__iar_lz77_init_single3
                        0x08014c83     0x76  Code  Gb  lz77_init_single.o [5]
__iar_program_start     0x080173d1           Code  Gb  cstartup_M.o [5]
__iar_ui2d              0x080164f5           Code  Gb  I32ToDbl.o [4]
__iar_vfp___iar_Sin     0x08016195     0x12  Code  Gb  xsin.o [4]
__iar_zero_init3        0x080172c9     0x40  Code  Gb  zero_init3.o [5]
__low_level_init        0x08017397      0x4  Code  Gb  low_level_init.o [3]
__vector_table          0x08000000           Data  Gb  startup_stm32f4xx.o [1]
_call_main              0x08017389           Code  Gb  cmain.o [5]
_exit                   0x080173a1           Code  Gb  cexit.o [5]
_main                   0x08017393           Code  Gb  cmain.o [5]
aanscales               0x08000ec4     0x80  Data  Lc  jprocess.o [1]
angle                   0x20000010      0x8  Data  Gb  main.o [1]
bitstream_bit           0x20013624      0x4  Data  Gb  jprocess.o [1]
bitstream_byte          0x20013620      0x4  Data  Gb  jprocess.o [1]
circle_x                0x20000000      0x8  Data  Gb  main.o [1]
circle_y                0x20000008      0x8  Data  Gb  main.o [1]
color                   0x2000001a      0x1  Data  Gb  main.o [1]
csize                   0x0800077c    0x100  Data  Lc  jprocess.o [1]
dct_data                0x2001351c    0x100  Data  Lc  jprocess.o [1]
dct_pass1               0x08000213     0xd6  Code  Lc  jprocess.o [1]
dct_pass2               0x080002e9     0xd0  Code  Gb  jprocess.o [1]
exit                    0x0801739b      0x4  Code  Gb  exit.o [3]
fmod                    0x0801689d           Code  Gb  fmod.o [4]
fmodl                   0x0801689d           Code  Gb  fmod.o [4]
huff_ac                 0x080008ac    0x400  Data  Lc  jprocess.o [1]
huff_dc                 0x0800087c     0x30  Data  Lc  jprocess.o [1]
inBMP2                  0x080010e8  0x13038  Data  Gb  jprocess.o [1]
jpeg_encode_done        0x20000018      0x1  Data  Gb  main.o [1]
jpeg_encode_enabled     0x20000019      0x1  Data  Gb  main.o [1]
jprocess                0x08000dcd     0xf2  Code  Gb  jprocess.o [1]
last_jpeg_frame_size    0x2000001c      0x2  Data  Gb  main.o [1]
main                    0x08016e45    0x198  Code  Gb  main.o [1]
new_frame_trigger       0x20013ced      0x1  Data  Gb  stm32f4xx_it.o [1]
out_jtail               0x08000189     0x8a  Code  Lc  jprocess.o [1]
outbytes0               0x10000000   0x7d00  Data  Gb  jprocess.o [1]
outbytes1               0x10007d00   0x7d00  Data  Gb  jprocess.o [1]
outbytes_p              0x2001361c      0x4  Data  Gb  jprocess.o [1]
play_status             0x200136e6      0x1  Data  Gb  usbd_video_core.o [1]
process_quadro_block    0x08000cad    0x120  Code  Gb  jprocess.o [1]
raw_image               0x20000020  0x12c00  Data  Gb  main.o [1]
read_pointer            0x20013518      0x4  Data  Gb  jprocess.o [1]
switch_buffers          0x080010c1     0x20  Code  Gb  jprocess.o [1]
tmp_data                0x20013cd8      0x1  Data  Gb  usbd_req.o [1]
usbd_video_AltSet       0x200136f0      0x4  Data  Lc  usbd_video_core.o [1]
usbd_video_CfgDesc      0x20013740     0xa0  Data  Lc  usbd_video_core.o [1]
usbd_video_DataIn       0x08016b69    0x100  Code  Lc  usbd_video_core.o [1]
usbd_video_DataOut      0x08016c69      0x4  Code  Lc  usbd_video_core.o [1]
usbd_video_DeInit       0x08016a67     0x10  Code  Lc  usbd_video_core.o [1]
usbd_video_EP0_RxReady  0x08016b63      0x4  Code  Lc  usbd_video_core.o [1]
usbd_video_Init         0x08016a51     0x16  Code  Lc  usbd_video_core.o [1]
usbd_video_SOF          0x08016c6d     0x2c  Code  Lc  usbd_video_core.o [1]
usbd_video_Setup        0x08016a77     0xec  Code  Lc  usbd_video_core.o [1]
videoCommitControl      0x200136f8     0x24  Data  Gb  usbd_video_core.o [1]
videoProbeControl       0x2001371c     0x24  Data  Gb  usbd_video_core.o [1]
write_pointer           0x20013514      0x4  Data  Gb  jprocess.o [1]
z_and_q                 0x080003b9    0x3c2  Code  Gb  jprocess.o [1]
z_q                     0x20013214    0x300  Data  Lc  jprocess.o [1]
zigzag_index            0x08000f84     0x40  Data  Lc  jprocess.o [1]


[1] = C:\embedded\F4 projects\STM32F4_UVC_Camera-master\iar_uvc_mjpeg_static\iar_uvc_mjpeg\EWARM\Demo\Obj
[2] = command line
[3] = dl7M_tlf.a
[4] = m7M_tls.a
[5] = rt7M_tl.a
[6] = shb_l.a

   95 518 bytes of readonly  code memory
    1 254 bytes of readonly  data memory
  145 134 bytes of readwrite data memory

Errors: none
Warnings: none
